******************************************************************************
                  TI ARM Linker PC v18.1.4                     
******************************************************************************
>> Linked Thu Jan 10 17:15:55 2019

OUTPUT FILE NAME:   <blinky1.out>
ENTRY POINT SYMBOL: "_c_int00_noargs"  address: 20007415


MEMORY CONFIGURATION

         name            origin    length      used     unused   attr    fill
----------------------  --------  ---------  --------  --------  ----  --------
  SRAM_CODE             20004000   00019000  00003cca  00015336  RW X
  SRAM_DATA             2001d000   00023000  0000103f  00021fc1  RW X


SEGMENT ALLOCATION MAP

run origin  load origin   length   init length attrs members
----------  ----------- ---------- ----------- ----- -------
20004000    20004000    00003cd0   00003cd0    r-x
  20004000    20004000    00000400   00000400    r-- .intvecs
  20004400    20004400    0000347a   0000347a    r-x .text
  2000787c    2000787c    00000400   00000400    r-- .const
  20007c80    20007c80    00000050   00000050    r-- .cinit
2001d000    2001d000    0000083f   00000000    rw-
  2001d000    2001d000    00000800   00000000    rw- .sysmem
  2001d800    2001d800    00000038   00000000    rw- .data
  2001d838    2001d838    00000007   00000000    rw- .bss
2003f800    2003f800    00000800   00000000    rw-
  2003f800    2003f800    00000800   00000000    rw- .stack


SECTION ALLOCATION MAP

 output                                  attributes/
section   page    origin      length       input sections
--------  ----  ----------  ----------   ----------------
.intvecs   0    20004000    00000400     
                  20004000    00000400     startup_ccs.obj (.intvecs)

.init_array 
*          0    20004000    00000000     UNINITIALIZED

.text      0    20004400    0000347a     
                  20004400    00000a5e     rtsv7M4_T_le_v4SPD16_eabi.lib : _printfi.c.obj (.text:__TI_printfi)
                  20004e5e    00000002                                   : _lock.c.obj (.text:_nop)
                  20004e60    00000398     gpio_if.obj (.text)
                  200051f8    00000384     main.obj (.text)
                  2000557c    00000280     uart_if.obj (.text)
                  200057fc    00000270     rtsv7M4_T_le_v4SPD16_eabi.lib : _printfi.c.obj (.text:_pconv_a)
                  20005a6c    000001d0                                   : _printfi.c.obj (.text:_pconv_g)
                  20005c3c    000001b6                                   : fd_add_t2.asm.obj (.text)
                  20005df2    00000002                                   : div0.asm.obj (.text)
                  20005df4    00000178     driverlib.a : prcm.obj (.text:PRCMCC3200MCUInit)
                  20005f6c    0000013c     rtsv7M4_T_le_v4SPD16_eabi.lib : _printfi.c.obj (.text:_pconv_e)
                  200060a8    00000138     pin_mux_config.obj (.text)
                  200061e0    00000136     rtsv7M4_T_le_v4SPD16_eabi.lib : fd_div_t2.asm.obj (.text)
                  20006316    00000002     --HOLE-- [fill = 0]
                  20006318    00000124                                   : _printfi.c.obj (.text:fcvt)
                  2000643c    00000114                                   : memory.c.obj (.text:realloc)
                  20006550    00000110                                   : s_scalbn.c.obj (.text:scalbn)
                  20006660    000000fc                                   : fd_mul_t2.asm.obj (.text)
                  2000675c    000000d8                                   : memory.c.obj (.text:free)
                  20006834    000000b1                                   : _printfi.c.obj (.text:_ltostr)
                  200068e5    00000003     --HOLE-- [fill = 0]
                  200068e8    000000a8     driverlib.a : interrupt.obj (.text:IntEnable)
                  20006990    0000009c     rtsv7M4_T_le_v4SPD16_eabi.lib : memcpy_t2.asm.obj (.text)
                  20006a2c    00000096                                   : ull_div_t2.asm.obj (.text)
                  20006ac2    00000002     --HOLE-- [fill = 0]
                  20006ac4    00000094     driverlib.a : prcm.obj (.text:PRCMPeripheralClockGet)
                  20006b58    00000088                 : pin.obj (.text:PinConfigSet)
                  20006be0    00000086     rtsv7M4_T_le_v4SPD16_eabi.lib : fd_cmp_t2.asm.obj (.text:__aeabi_cdcmple)
                  20006c66    00000086                                   : fd_cmp_t2.asm.obj (.text:__aeabi_cdrcmple)
                  20006cec    00000082     driverlib.a : gpio.obj (.text:GPIOIntTypeSet)
                  20006d6e    0000007a     rtsv7M4_T_le_v4SPD16_eabi.lib : memset_t2.asm.obj (.text)
                  20006de8    00000078                                   : memory.c.obj (.text:malloc)
                  20006e60    00000076     driverlib.a : uart.obj (.text:UARTConfigSetExpClk)
                  20006ed6    0000006e     rtsv7M4_T_le_v4SPD16_eabi.lib : _printfi.c.obj (.text:_mcpy)
                  20006f44    00000068                                   : copy_decompress_lzss.c.obj (.text:decompress:lzss:__TI_decompress_lzss)
                  20006fac    00000064                                   : s_frexp.c.obj (.text:frexp)
                  20007010    00000058     driverlib.a : prcm.obj (.text:PRCMPeripheralReset)
                  20007068    00000056     rtsv7M4_T_le_v4SPD16_eabi.lib : _printfi.c.obj (.text:_pconv_f)
                  200070be    00000002     --HOLE-- [fill = 0]
                  200070c0    00000054     driverlib.a : interrupt.obj (.text:IntPrioritySet)
                  20007114    00000054     rtsv7M4_T_le_v4SPD16_eabi.lib : ltoa.c.obj (.text:ltoa)
                  20007168    00000052                                   : _printfi.c.obj (.text:_ecpy)
                  200071ba    00000002     --HOLE-- [fill = 0]
                  200071bc    0000004c                                   : atoi.c.obj (.text:atoi)
                  20007208    00000048     driverlib.a : gpio.obj (.text:GPIOGetIntNumber)
                  20007250    00000048     rtsv7M4_T_le_v4SPD16_eabi.lib : fd_toi_t2.asm.obj (.text)
                  20007298    00000044                                   : autoinit.c.obj (.text:__TI_auto_init_nobinit_nopinit:__TI_auto_init_nobinit_nopinit)
                  200072dc    00000040     driverlib.a : pin.obj (.text:PinModeSet)
                  2000731c    00000040     rtsv7M4_T_le_v4SPD16_eabi.lib : vsnprintf.c.obj (.text:vsnprintf)
                  2000735c    0000003e                                   : _printfi.c.obj (.text:_fcpy)
                  2000739a    00000002     --HOLE-- [fill = 0]
                  2000739c    0000003c     driverlib.a : prcm.obj (.text:PRCMPeripheralClkEnable)
                  200073d8    0000003c     rtsv7M4_T_le_v4SPD16_eabi.lib : memory.c.obj (.text:minsert)
                  20007414    00000038                                   : boot_cortex_m.c.obj (.text:_c_int00_noargs:_c_int00_noargs)
                  2000744c    00000038                                   : memory.c.obj (.text:minit)
                  20007484    00000036     driverlib.a : gpio.obj (.text:GPIODirModeSet)
                  200074ba    00000030                 : pin.obj (.text:PinTypeGPIO)
                  200074ea    00000002     --HOLE-- [fill = 0]
                  200074ec    00000030                 : uart.obj (.text:UARTDisable)
                  2000751c    00000030     rtsv7M4_T_le_v4SPD16_eabi.lib : vsnprintf.c.obj (.text:_outs)
                  2000754c    0000002e                                   : i_tofd_t2.asm.obj (.text)
                  2000757a    00000002     --HOLE-- [fill = 0]
                  2000757c    0000002c     driverlib.a : prcm.obj (.text:PRCMSysResetCauseGet)
                  200075a8    00000028                 : prcm.obj (.text:PRCMPeripheralClkDisable)
                  200075d0    00000028     rtsv7M4_T_le_v4SPD16_eabi.lib : memory.c.obj (.text:mremove)
                  200075f8    00000024     driverlib.a : uart.obj (.text:UARTEnable)
                  2000761c    00000024     rtsv7M4_T_le_v4SPD16_eabi.lib : memmov.c.obj (.text:memmove)
                  20007640    00000020     driverlib.a : gpio.obj (.text:GPIOPinWrite)
                  20007660    00000020                 : interrupt.obj (.text:IntRegister)
                  20007680    0000001e                 : gpio.obj (.text:GPIOIntRegister)
                  2000769e    0000001e                 : uart.obj (.text:UARTCharPut)
                  200076bc    0000001c                 : uart.obj (.text:UARTCharGetNonBlocking)
                  200076d8    0000001c     rtsv7M4_T_le_v4SPD16_eabi.lib : memccpy.c.obj (.text:memccpy)
                  200076f4    0000001a     driverlib.a : gpio.obj (.text:GPIOIntEnable)
                  2000770e    0000001a                 : pin.obj (.text:PinTypeUART)
                  20007728    00000018                 : gpio.obj (.text:GPIOPinRead)
                  20007740    00000018                 : uart.obj (.text:UARTCharsAvail)
                  20007758    00000018     rtsv7M4_T_le_v4SPD16_eabi.lib : vsnprintf.c.obj (.text:_outc)
                  20007770    00000016     driverlib.a : prcm.obj (.text:PRCMHIBRegRead)
                  20007786    00000016                 : prcm.obj (.text:PRCMHIBRegWrite)
                  2000779c    00000016     rtsv7M4_T_le_v4SPD16_eabi.lib : strchr.c.obj (.text:strchr)
                  200077b2    00000014     driverlib.a : cpu.obj (.text:CPUcpsie)
                  200077c6    00000014                 : gpio.obj (.text:GPIOIntClear)
                  200077da    00000002     --HOLE-- [fill = 0]
                  200077dc    00000014                 : interrupt.obj (.text:IntVTableBaseSet)
                  200077f0    00000014     rtsv7M4_T_le_v4SPD16_eabi.lib : s_copysign.c.obj (.text:copysign)
                  20007804    00000014                                   : strlen.c.obj (.text:strlen)
                  20007818    00000012                                   : copy_zero_init.c.obj (.text:decompress:ZI:__TI_zero_init_nomemset:__TI_zero_init_nomemset)
                  2000782a    00000012                                   : wcslen.c.obj (.text:wcslen)
                  2000783c    0000000e                                   : copy_decompress_none.c.obj (.text:decompress:none:__TI_decompress_none)
                  2000784a    0000000e     startup_ccs.obj (.text)
                  20007858    0000000a     driverlib.a : interrupt.obj (.text:IntMasterEnable)
                  20007862    00000002     --HOLE-- [fill = 0]
                  20007864    00000008     rtsv7M4_T_le_v4SPD16_eabi.lib : errno.c.obj (.text:__aeabi_errno_addr)
                  2000786c    00000006     driverlib.a : utils.obj (.text:UtilsDelay)
                  20007872    00000004     rtsv7M4_T_le_v4SPD16_eabi.lib : pre_init.c.obj (.text:_system_pre_init)
                  20007876    00000004                                   : exit.c.obj (.text:abort:abort)

.const     0    2000787c    00000400     
                  2000787c    00000101     rtsv7M4_T_le_v4SPD16_eabi.lib : ctype.c.obj (.const:.string:_ctypes_)
                  2000797d    00000003     --HOLE-- [fill = 0]
                  20007980    00000100     driverlib.a : pin.obj (.const:g_ulPinToPadMap)
                  20007a80    000000d4                 : interrupt.obj (.const:g_pulRegs)
                  20007b54    000000a8                 : prcm.obj (.const:PRCM_PeriphRegsList)
                  20007bfc    00000080                 : interrupt.obj (.const)

.cinit     0    20007c80    00000050     
                  20007c80    0000002b     (.cinit..data.load) [load image, compression = lzss]
                  20007cab    00000001     --HOLE-- [fill = 0]
                  20007cac    0000000c     (__TI_handler_table)
                  20007cb8    00000008     (.cinit..bss.load) [load image, compression = zero_init]
                  20007cc0    00000010     (__TI_cinit_table)

.sysmem    0    2001d000    00000800     UNINITIALIZED
                  2001d000    00000008     rtsv7M4_T_le_v4SPD16_eabi.lib : memory.c.obj (.sysmem)
                  2001d008    000007f8     --HOLE--

.data      0    2001d800    00000038     UNINITIALIZED
                  2001d800    00000014     gpio_if.obj (.data:ulReg)
                  2001d814    0000000c     rtsv7M4_T_le_v4SPD16_eabi.lib : memory.c.obj (.data:$O1$$)
                  2001d820    0000000c     gpio_if.obj (.data)
                  2001d82c    00000008     rtsv7M4_T_le_v4SPD16_eabi.lib : _lock.c.obj (.data:$O1$$)
                  2001d834    00000004                                   : errno.c.obj (.data)

.bss       0    2001d838    00000007     UNINITIALIZED
                  2001d838    00000004     uart_if.obj (.bss)
                  2001d83c    00000001     (.common:g_ucLED1Pin)
                  2001d83d    00000001     (.common:g_ucLED2Pin)
                  2001d83e    00000001     (.common:g_ucLED3Pin)

.stack     0    2003f800    00000800     UNINITIALIZED
                  2003f800    00000004     rtsv7M4_T_le_v4SPD16_eabi.lib : boot_cortex_m.c.obj (.stack)
                  2003f804    000007fc     --HOLE--

MODULE SUMMARY

       Module                       code    ro data   rw data
       ------                       ----    -------   -------
    .\
       startup_ccs.obj              14      1024      0      
       gpio_if.obj                  920     0         35     
       main.obj                     900     0         0      
       uart_if.obj                  640     0         4      
       pin_mux_config.obj           312     0         0      
    +--+----------------------------+-------+---------+---------+
       Total:                       2786    1024      39     
                                                             
    C:/ti/CC3200SDK_1.3.0/cc3200-sdk/driverlib/ccs/Release/driverlib.a
       prcm.obj                     800     168       0      
       interrupt.obj                314     340       0      
       pin.obj                      274     256       0      
       gpio.obj                     388     0         0      
       uart.obj                     284     0         0      
       cpu.obj                      20      0         0      
       utils.obj                    6       0         0      
    +--+----------------------------+-------+---------+---------+
       Total:                       2086    764       0      
                                                             
    C:\ti\ccsv8\tools\compiler\ti-cgt-arm_18.1.4.LTS\lib\rtsv7M4_T_le_v4SPD16_eabi.lib
       _printfi.c.obj               4867    0         0      
       memory.c.obj                 768     0         12     
       fd_add_t2.asm.obj            438     0         0      
       fd_div_t2.asm.obj            310     0         0      
       s_scalbn.c.obj               272     0         0      
       fd_cmp_t2.asm.obj            268     0         0      
       ctype.c.obj                  0       257       0      
       fd_mul_t2.asm.obj            252     0         0      
       memcpy_t2.asm.obj            156     0         0      
       ull_div_t2.asm.obj           150     0         0      
       vsnprintf.c.obj              136     0         0      
       memset_t2.asm.obj            122     0         0      
       copy_decompress_lzss.c.obj   104     0         0      
       s_frexp.c.obj                100     0         0      
       ltoa.c.obj                   84      0         0      
       atoi.c.obj                   76      0         0      
       fd_toi_t2.asm.obj            72      0         0      
       autoinit.c.obj               68      0         0      
       boot_cortex_m.c.obj          56      0         0      
       i_tofd_t2.asm.obj            46      0         0      
       memmov.c.obj                 36      0         0      
       memccpy.c.obj                28      0         0      
       strchr.c.obj                 22      0         0      
       s_copysign.c.obj             20      0         0      
       strlen.c.obj                 20      0         0      
       copy_zero_init.c.obj         18      0         0      
       wcslen.c.obj                 18      0         0      
       copy_decompress_none.c.obj   14      0         0      
       errno.c.obj                  8       0         4      
       _lock.c.obj                  2       0         8      
       exit.c.obj                   4       0         0      
       pre_init.c.obj               4       0         0      
       div0.asm.obj                 2       0         0      
    +--+----------------------------+-------+---------+---------+
       Total:                       8541    257       24     
                                                             
       Heap:                        0       0         2048   
       Stack:                       0       0         2048   
       Linker Generated:            0       79        0      
    +--+----------------------------+-------+---------+---------+
       Grand Total:                 13413   2124      4159   


LINKER GENERATED COPY TABLES

__TI_cinit_table @ 20007cc0 records: 2, size/record: 8, table size: 16
	.data: load addr=20007c80, load size=0000002b bytes, run addr=2001d800, run size=00000038 bytes, compression=lzss
	.bss: load addr=20007cb8, load size=00000008 bytes, run addr=2001d838, run size=00000007 bytes, compression=zero_init


LINKER GENERATED HANDLER TABLE

__TI_handler_table @ 20007cac records: 3, size/record: 4, table size: 12
	index: 0, handler: __TI_decompress_lzss
	index: 1, handler: __TI_decompress_none
	index: 2, handler: __TI_zero_init


GLOBAL SYMBOLS: SORTED ALPHABETICALLY BY Name 

address   name                          
-------   ----                          
20007877  C$$EXIT                       
200077b3  CPUcpsie                      
200055bd  ClearTerm                     
200055c7  Error                         
20007485  GPIODirModeSet                
200077c7  GPIOIntClear                  
200076f5  GPIOIntEnable                 
20007681  GPIOIntRegister               
20006ced  GPIOIntTypeSet                
20007729  GPIOPinRead                   
20007641  GPIOPinWrite                  
20005121  GPIO_IF_ConfigureNIntEnable   
200051ad  GPIO_IF_Get                   
200050db  GPIO_IF_GetPortNPin           
20004e9d  GPIO_IF_LedConfigure          
20004f8f  GPIO_IF_LedOff                
20004edb  GPIO_IF_LedOn                 
20005043  GPIO_IF_LedStatus             
200050ad  GPIO_IF_LedToggle             
20005169  GPIO_IF_Set                   
200055ff  GetCmd                        
2000557d  InitTerm                      
200068e9  IntEnable                     
20007859  IntMasterEnable               
200070c1  IntPrioritySet                
20007661  IntRegister                   
200077dd  IntVTableBaseSet              
2000559b  Message                       
20005df5  PRCMCC3200MCUInit             
20007771  PRCMHIBRegRead                
20007787  PRCMHIBRegWrite               
200075a9  PRCMPeripheralClkDisable      
2000739d  PRCMPeripheralClkEnable       
20006ac5  PRCMPeripheralClockGet        
20007011  PRCMPeripheralReset           
2000757d  PRCMSysResetCauseGet          
20006b59  PinConfigSet                  
200072dd  PinModeSet                    
200060a9  PinMuxConfig                  
200074bb  PinTypeGPIO                   
2000770f  PinTypeUART                   
2000573d  Report                        
2000784b  ResetISR                      
200056a5  TrimSpace                     
200076bd  UARTCharGetNonBlocking        
2000769f  UARTCharPut                   
20007741  UARTCharsAvail                
20006e61  UARTConfigSetExpClk           
200074ed  UARTDisable                   
200075f9  UARTEnable                    
2000786d  UtilsDelay                    
20040000  __STACK_END                   
00000800  __STACK_SIZE                  
00000800  __SYSMEM_SIZE                 
20007cc0  __TI_CINIT_Base               
20007cd0  __TI_CINIT_Limit              
20007cac  __TI_Handler_Table_Base       
20007cb8  __TI_Handler_Table_Limit      
20007299  __TI_auto_init_nobinit_nopinit
20006f45  __TI_decompress_lzss          
2000783d  __TI_decompress_none          
ffffffff  __TI_pprof_out_hndl           
20004401  __TI_printfi                  
ffffffff  __TI_prof_data_size           
ffffffff  __TI_prof_data_start          
20007c80  __TI_static_base__            
20007819  __TI_zero_init_nomemset       
20006be1  __aeabi_cdcmpeq               
20006be1  __aeabi_cdcmple               
20006c67  __aeabi_cdrcmple              
20007251  __aeabi_d2iz                  
20005c47  __aeabi_dadd                  
200061e1  __aeabi_ddiv                  
20006661  __aeabi_dmul                  
20005c3d  __aeabi_dsub                  
20007865  __aeabi_errno_addr            
2000754d  __aeabi_i2d                   
20005df3  __aeabi_idiv0                 
20005df3  __aeabi_ldiv0                 
20006d6f  __aeabi_memclr                
20006d6f  __aeabi_memclr4               
20006d6f  __aeabi_memclr8               
20006991  __aeabi_memcpy                
20006991  __aeabi_memcpy4               
20006991  __aeabi_memcpy8               
20006d71  __aeabi_memset                
20006d71  __aeabi_memset4               
20006d71  __aeabi_memset8               
20006a2d  __aeabi_uldivmod              
ffffffff  __binit__                     
ffffffff  __c_args__                    
UNDEFED   __mpu_init                    
2003f800  __stack                       
20007415  _c_int00_noargs               
2000787c  _ctypes_                      
2001d82c  _lock                         
20004e5f  _nop                          
2001d000  _sys_memory                   
UNDEFED   _system_post_cinit            
20007873  _system_pre_init              
2001d830  _unlock                       
20007877  abort                         
200071bd  atoi                          
ffffffff  binit                         
200077f1  copysign                      
200077f1  copysignl                     
2001d834  errno                         
2000675d  free                          
20006fad  frexp                         
20006fad  frexpl                        
20004000  g_pfnVectors                  
2001d83c  g_ucLED1Pin                   
2001d83d  g_ucLED2Pin                   
2001d83e  g_ucLED3Pin                   
2001d820  g_uiLED1Port                  
2001d824  g_uiLED2Port                  
2001d828  g_uiLED3Port                  
20006551  ldexp                         
20006551  ldexpl                        
20007115  ltoa                          
200053a9  main                          
20006de9  malloc                        
200076d9  memccpy                       
20006991  memcpy                        
2000761d  memmove                       
20006d77  memset                        
2000744d  minit                         
2000643d  realloc                       
20006551  scalbn                        
20006551  scalbnl                       
20005345  start                         
2000779d  strchr                        
20007805  strlen                        
200051f9  sw2pushed                     
20005257  sw3pushed                     
2000731d  vsnprintf                     
2000782b  wcslen                        


GLOBAL SYMBOLS: SORTED BY Symbol Address 

address   name                          
-------   ----                          
00000800  __STACK_SIZE                  
00000800  __SYSMEM_SIZE                 
20004000  g_pfnVectors                  
20004401  __TI_printfi                  
20004e5f  _nop                          
20004e9d  GPIO_IF_LedConfigure          
20004edb  GPIO_IF_LedOn                 
20004f8f  GPIO_IF_LedOff                
20005043  GPIO_IF_LedStatus             
200050ad  GPIO_IF_LedToggle             
200050db  GPIO_IF_GetPortNPin           
20005121  GPIO_IF_ConfigureNIntEnable   
20005169  GPIO_IF_Set                   
200051ad  GPIO_IF_Get                   
200051f9  sw2pushed                     
20005257  sw3pushed                     
20005345  start                         
200053a9  main                          
2000557d  InitTerm                      
2000559b  Message                       
200055bd  ClearTerm                     
200055c7  Error                         
200055ff  GetCmd                        
200056a5  TrimSpace                     
2000573d  Report                        
20005c3d  __aeabi_dsub                  
20005c47  __aeabi_dadd                  
20005df3  __aeabi_idiv0                 
20005df3  __aeabi_ldiv0                 
20005df5  PRCMCC3200MCUInit             
200060a9  PinMuxConfig                  
200061e1  __aeabi_ddiv                  
2000643d  realloc                       
20006551  ldexp                         
20006551  ldexpl                        
20006551  scalbn                        
20006551  scalbnl                       
20006661  __aeabi_dmul                  
2000675d  free                          
200068e9  IntEnable                     
20006991  __aeabi_memcpy                
20006991  __aeabi_memcpy4               
20006991  __aeabi_memcpy8               
20006991  memcpy                        
20006a2d  __aeabi_uldivmod              
20006ac5  PRCMPeripheralClockGet        
20006b59  PinConfigSet                  
20006be1  __aeabi_cdcmpeq               
20006be1  __aeabi_cdcmple               
20006c67  __aeabi_cdrcmple              
20006ced  GPIOIntTypeSet                
20006d6f  __aeabi_memclr                
20006d6f  __aeabi_memclr4               
20006d6f  __aeabi_memclr8               
20006d71  __aeabi_memset                
20006d71  __aeabi_memset4               
20006d71  __aeabi_memset8               
20006d77  memset                        
20006de9  malloc                        
20006e61  UARTConfigSetExpClk           
20006f45  __TI_decompress_lzss          
20006fad  frexp                         
20006fad  frexpl                        
20007011  PRCMPeripheralReset           
200070c1  IntPrioritySet                
20007115  ltoa                          
200071bd  atoi                          
20007251  __aeabi_d2iz                  
20007299  __TI_auto_init_nobinit_nopinit
200072dd  PinModeSet                    
2000731d  vsnprintf                     
2000739d  PRCMPeripheralClkEnable       
20007415  _c_int00_noargs               
2000744d  minit                         
20007485  GPIODirModeSet                
200074bb  PinTypeGPIO                   
200074ed  UARTDisable                   
2000754d  __aeabi_i2d                   
2000757d  PRCMSysResetCauseGet          
200075a9  PRCMPeripheralClkDisable      
200075f9  UARTEnable                    
2000761d  memmove                       
20007641  GPIOPinWrite                  
20007661  IntRegister                   
20007681  GPIOIntRegister               
2000769f  UARTCharPut                   
200076bd  UARTCharGetNonBlocking        
200076d9  memccpy                       
200076f5  GPIOIntEnable                 
2000770f  PinTypeUART                   
20007729  GPIOPinRead                   
20007741  UARTCharsAvail                
20007771  PRCMHIBRegRead                
20007787  PRCMHIBRegWrite               
2000779d  strchr                        
200077b3  CPUcpsie                      
200077c7  GPIOIntClear                  
200077dd  IntVTableBaseSet              
200077f1  copysign                      
200077f1  copysignl                     
20007805  strlen                        
20007819  __TI_zero_init_nomemset       
2000782b  wcslen                        
2000783d  __TI_decompress_none          
2000784b  ResetISR                      
20007859  IntMasterEnable               
20007865  __aeabi_errno_addr            
2000786d  UtilsDelay                    
20007873  _system_pre_init              
20007877  C$$EXIT                       
20007877  abort                         
2000787c  _ctypes_                      
20007c80  __TI_static_base__            
20007cac  __TI_Handler_Table_Base       
20007cb8  __TI_Handler_Table_Limit      
20007cc0  __TI_CINIT_Base               
20007cd0  __TI_CINIT_Limit              
2001d000  _sys_memory                   
2001d820  g_uiLED1Port                  
2001d824  g_uiLED2Port                  
2001d828  g_uiLED3Port                  
2001d82c  _lock                         
2001d830  _unlock                       
2001d834  errno                         
2001d83c  g_ucLED1Pin                   
2001d83d  g_ucLED2Pin                   
2001d83e  g_ucLED3Pin                   
2003f800  __stack                       
20040000  __STACK_END                   
ffffffff  __TI_pprof_out_hndl           
ffffffff  __TI_prof_data_size           
ffffffff  __TI_prof_data_start          
ffffffff  __binit__                     
ffffffff  __c_args__                    
ffffffff  binit                         
UNDEFED   __mpu_init                    
UNDEFED   _system_post_cinit            

[137 symbols]
