<?xml version="1.0" encoding="ISO-8859-1" ?>
<link_info>
   <banner>TI ARM Linker PC v18.1.4.LTS</banner>
   <copyright>Copyright (c) 1996-2018 Texas Instruments Incorporated</copyright>
   <link_time>0x5c36e20d</link_time>
   <link_errors>0x2</link_errors>
   <output_file>blinky.out</output_file>
   <entry_point>
      <name>_c_int00_noargs</name>
      <address>0x200073c9</address>
   </entry_point>
   <input_file_list>
      <input_file id="fl-2">
         <path>.\</path>
         <kind>object</kind>
         <file>gpio_if.obj</file>
         <name>gpio_if.obj</name>
      </input_file>
      <input_file id="fl-3">
         <path>.\syscfg\</path>
         <kind>object</kind>
         <file>pin_mux_config.obj</file>
         <name>pin_mux_config.obj</name>
      </input_file>
      <input_file id="fl-4">
         <path>.\syscfg\</path>
         <kind>object</kind>
         <file>rom_pin_mux_config.obj</file>
         <name>rom_pin_mux_config.obj</name>
      </input_file>
      <input_file id="fl-5">
         <path>.\</path>
         <kind>object</kind>
         <file>main.obj</file>
         <name>main.obj</name>
      </input_file>
      <input_file id="fl-6">
         <path>.\</path>
         <kind>object</kind>
         <file>pin_mux_config.obj</file>
         <name>pin_mux_config.obj</name>
      </input_file>
      <input_file id="fl-7">
         <path>.\</path>
         <kind>object</kind>
         <file>startup_ccs.obj</file>
         <name>startup_ccs.obj</name>
      </input_file>
      <input_file id="fl-8">
         <path>.\</path>
         <kind>object</kind>
         <file>uart_if.obj</file>
         <name>uart_if.obj</name>
      </input_file>
      <input_file id="fl-d">
         <kind>object</kind>
         <file>&lt;internal&gt;</file>
         <name>&lt;internal&gt;</name>
      </input_file>
      <input_file id="fl-c3">
         <path>C:\ti\ccsv8\tools\compiler\ti-cgt-arm_18.1.4.LTS\lib\</path>
         <kind>archive</kind>
         <file>rtsv7M4_T_le_v4SPD16_eabi.lib</file>
         <name>copy_zero_init.c.obj</name>
      </input_file>
      <input_file id="fl-c4">
         <path>C:\ti\ccsv8\tools\compiler\ti-cgt-arm_18.1.4.LTS\lib\</path>
         <kind>archive</kind>
         <file>rtsv7M4_T_le_v4SPD16_eabi.lib</file>
         <name>copy_decompress_none.c.obj</name>
      </input_file>
      <input_file id="fl-c5">
         <path>C:\ti\ccsv8\tools\compiler\ti-cgt-arm_18.1.4.LTS\lib\</path>
         <kind>archive</kind>
         <file>rtsv7M4_T_le_v4SPD16_eabi.lib</file>
         <name>copy_decompress_lzss.c.obj</name>
      </input_file>
      <input_file id="fl-c6">
         <path>C:\ti\ccsv8\tools\compiler\ti-cgt-arm_18.1.4.LTS\lib\</path>
         <kind>archive</kind>
         <file>rtsv7M4_T_le_v4SPD16_eabi.lib</file>
         <name>boot_cortex_m.c.obj</name>
      </input_file>
      <input_file id="fl-c7">
         <path>C:\ti\ccsv8\tools\compiler\ti-cgt-arm_18.1.4.LTS\lib\</path>
         <kind>archive</kind>
         <file>rtsv7M4_T_le_v4SPD16_eabi.lib</file>
         <name>exit.c.obj</name>
      </input_file>
      <input_file id="fl-c8">
         <path>C:\ti\ccsv8\tools\compiler\ti-cgt-arm_18.1.4.LTS\lib\</path>
         <kind>archive</kind>
         <file>rtsv7M4_T_le_v4SPD16_eabi.lib</file>
         <name>memory.c.obj</name>
      </input_file>
      <input_file id="fl-c9">
         <path>C:\ti\ccsv8\tools\compiler\ti-cgt-arm_18.1.4.LTS\lib\</path>
         <kind>archive</kind>
         <file>rtsv7M4_T_le_v4SPD16_eabi.lib</file>
         <name>_lock.c.obj</name>
      </input_file>
      <input_file id="fl-ca">
         <path>C:\ti\ccsv8\tools\compiler\ti-cgt-arm_18.1.4.LTS\lib\</path>
         <kind>archive</kind>
         <file>rtsv7M4_T_le_v4SPD16_eabi.lib</file>
         <name>args_main.c.obj</name>
      </input_file>
      <input_file id="fl-cb">
         <path>C:\ti\ccsv8\tools\compiler\ti-cgt-arm_18.1.4.LTS\lib\</path>
         <kind>archive</kind>
         <file>rtsv7M4_T_le_v4SPD16_eabi.lib</file>
         <name>memmov.c.obj</name>
      </input_file>
      <input_file id="fl-cc">
         <path>C:\ti\ccsv8\tools\compiler\ti-cgt-arm_18.1.4.LTS\lib\</path>
         <kind>archive</kind>
         <file>rtsv7M4_T_le_v4SPD16_eabi.lib</file>
         <name>strlen.c.obj</name>
      </input_file>
      <input_file id="fl-cd">
         <path>C:\ti\ccsv8\tools\compiler\ti-cgt-arm_18.1.4.LTS\lib\</path>
         <kind>archive</kind>
         <file>rtsv7M4_T_le_v4SPD16_eabi.lib</file>
         <name>vsnprintf.c.obj</name>
      </input_file>
      <input_file id="fl-ce">
         <path>C:\ti\ccsv8\tools\compiler\ti-cgt-arm_18.1.4.LTS\lib\</path>
         <kind>archive</kind>
         <file>rtsv7M4_T_le_v4SPD16_eabi.lib</file>
         <name>memcpy_t2.asm.obj</name>
      </input_file>
      <input_file id="fl-cf">
         <path>C:\ti\ccsv8\tools\compiler\ti-cgt-arm_18.1.4.LTS\lib\</path>
         <kind>archive</kind>
         <file>rtsv7M4_T_le_v4SPD16_eabi.lib</file>
         <name>memset_t2.asm.obj</name>
      </input_file>
      <input_file id="fl-d0">
         <path>C:\ti\ccsv8\tools\compiler\ti-cgt-arm_18.1.4.LTS\lib\</path>
         <kind>archive</kind>
         <file>rtsv7M4_T_le_v4SPD16_eabi.lib</file>
         <name>autoinit.c.obj</name>
      </input_file>
      <input_file id="fl-d1">
         <path>C:\ti\ccsv8\tools\compiler\ti-cgt-arm_18.1.4.LTS\lib\</path>
         <kind>archive</kind>
         <file>rtsv7M4_T_le_v4SPD16_eabi.lib</file>
         <name>pre_init.c.obj</name>
      </input_file>
      <input_file id="fl-d2">
         <path>C:\ti\ccsv8\tools\compiler\ti-cgt-arm_18.1.4.LTS\lib\</path>
         <kind>archive</kind>
         <file>rtsv7M4_T_le_v4SPD16_eabi.lib</file>
         <name>cpy_tbl.c.obj</name>
      </input_file>
      <input_file id="fl-d3">
         <path>C:\ti\ccsv8\tools\compiler\ti-cgt-arm_18.1.4.LTS\lib\</path>
         <kind>archive</kind>
         <file>rtsv7M4_T_le_v4SPD16_eabi.lib</file>
         <name>_printfi.c.obj</name>
      </input_file>
      <input_file id="fl-d4">
         <path>C:\ti\ccsv8\tools\compiler\ti-cgt-arm_18.1.4.LTS\lib\</path>
         <kind>archive</kind>
         <file>rtsv7M4_T_le_v4SPD16_eabi.lib</file>
         <name>atoi.c.obj</name>
      </input_file>
      <input_file id="fl-d5">
         <path>C:\ti\ccsv8\tools\compiler\ti-cgt-arm_18.1.4.LTS\lib\</path>
         <kind>archive</kind>
         <file>rtsv7M4_T_le_v4SPD16_eabi.lib</file>
         <name>ctype.c.obj</name>
      </input_file>
      <input_file id="fl-d6">
         <path>C:\ti\ccsv8\tools\compiler\ti-cgt-arm_18.1.4.LTS\lib\</path>
         <kind>archive</kind>
         <file>rtsv7M4_T_le_v4SPD16_eabi.lib</file>
         <name>ltoa.c.obj</name>
      </input_file>
      <input_file id="fl-d7">
         <path>C:\ti\ccsv8\tools\compiler\ti-cgt-arm_18.1.4.LTS\lib\</path>
         <kind>archive</kind>
         <file>rtsv7M4_T_le_v4SPD16_eabi.lib</file>
         <name>memccpy.c.obj</name>
      </input_file>
      <input_file id="fl-d8">
         <path>C:\ti\ccsv8\tools\compiler\ti-cgt-arm_18.1.4.LTS\lib\</path>
         <kind>archive</kind>
         <file>rtsv7M4_T_le_v4SPD16_eabi.lib</file>
         <name>strchr.c.obj</name>
      </input_file>
      <input_file id="fl-d9">
         <path>C:\ti\ccsv8\tools\compiler\ti-cgt-arm_18.1.4.LTS\lib\</path>
         <kind>archive</kind>
         <file>rtsv7M4_T_le_v4SPD16_eabi.lib</file>
         <name>wcslen.c.obj</name>
      </input_file>
      <input_file id="fl-da">
         <path>C:\ti\ccsv8\tools\compiler\ti-cgt-arm_18.1.4.LTS\lib\</path>
         <kind>archive</kind>
         <file>rtsv7M4_T_le_v4SPD16_eabi.lib</file>
         <name>s_frexp.c.obj</name>
      </input_file>
      <input_file id="fl-db">
         <path>C:\ti\ccsv8\tools\compiler\ti-cgt-arm_18.1.4.LTS\lib\</path>
         <kind>archive</kind>
         <file>rtsv7M4_T_le_v4SPD16_eabi.lib</file>
         <name>s_scalbn.c.obj</name>
      </input_file>
      <input_file id="fl-dc">
         <path>C:\ti\ccsv8\tools\compiler\ti-cgt-arm_18.1.4.LTS\lib\</path>
         <kind>archive</kind>
         <file>rtsv7M4_T_le_v4SPD16_eabi.lib</file>
         <name>fd_add_t2.asm.obj</name>
      </input_file>
      <input_file id="fl-dd">
         <path>C:\ti\ccsv8\tools\compiler\ti-cgt-arm_18.1.4.LTS\lib\</path>
         <kind>archive</kind>
         <file>rtsv7M4_T_le_v4SPD16_eabi.lib</file>
         <name>fd_cmp_t2.asm.obj</name>
      </input_file>
      <input_file id="fl-de">
         <path>C:\ti\ccsv8\tools\compiler\ti-cgt-arm_18.1.4.LTS\lib\</path>
         <kind>archive</kind>
         <file>rtsv7M4_T_le_v4SPD16_eabi.lib</file>
         <name>fd_div_t2.asm.obj</name>
      </input_file>
      <input_file id="fl-df">
         <path>C:\ti\ccsv8\tools\compiler\ti-cgt-arm_18.1.4.LTS\lib\</path>
         <kind>archive</kind>
         <file>rtsv7M4_T_le_v4SPD16_eabi.lib</file>
         <name>fd_mul_t2.asm.obj</name>
      </input_file>
      <input_file id="fl-e0">
         <path>C:\ti\ccsv8\tools\compiler\ti-cgt-arm_18.1.4.LTS\lib\</path>
         <kind>archive</kind>
         <file>rtsv7M4_T_le_v4SPD16_eabi.lib</file>
         <name>fd_toi_t2.asm.obj</name>
      </input_file>
      <input_file id="fl-e1">
         <path>C:\ti\ccsv8\tools\compiler\ti-cgt-arm_18.1.4.LTS\lib\</path>
         <kind>archive</kind>
         <file>rtsv7M4_T_le_v4SPD16_eabi.lib</file>
         <name>i_tofd_t2.asm.obj</name>
      </input_file>
      <input_file id="fl-e2">
         <path>C:\ti\ccsv8\tools\compiler\ti-cgt-arm_18.1.4.LTS\lib\</path>
         <kind>archive</kind>
         <file>rtsv7M4_T_le_v4SPD16_eabi.lib</file>
         <name>ull_div_t2.asm.obj</name>
      </input_file>
      <input_file id="fl-e3">
         <path>C:\ti\ccsv8\tools\compiler\ti-cgt-arm_18.1.4.LTS\lib\</path>
         <kind>archive</kind>
         <file>rtsv7M4_T_le_v4SPD16_eabi.lib</file>
         <name>errno.c.obj</name>
      </input_file>
      <input_file id="fl-e4">
         <path>C:\ti\ccsv8\tools\compiler\ti-cgt-arm_18.1.4.LTS\lib\</path>
         <kind>archive</kind>
         <file>rtsv7M4_T_le_v4SPD16_eabi.lib</file>
         <name>s_copysign.c.obj</name>
      </input_file>
      <input_file id="fl-e5">
         <path>C:\ti\ccsv8\tools\compiler\ti-cgt-arm_18.1.4.LTS\lib\</path>
         <kind>archive</kind>
         <file>rtsv7M4_T_le_v4SPD16_eabi.lib</file>
         <name>div0.asm.obj</name>
      </input_file>
      <input_file id="fl-e6">
         <path>C:\ti\CC3200SDK_1.3.0\cc3200-sdk\driverlib\ccs\Release\</path>
         <kind>archive</kind>
         <file>driverlib.a</file>
         <name>gpio.obj</name>
      </input_file>
      <input_file id="fl-e7">
         <path>C:\ti\CC3200SDK_1.3.0\cc3200-sdk\driverlib\ccs\Release\</path>
         <kind>archive</kind>
         <file>driverlib.a</file>
         <name>interrupt.obj</name>
      </input_file>
      <input_file id="fl-e8">
         <path>C:\ti\CC3200SDK_1.3.0\cc3200-sdk\driverlib\ccs\Release\</path>
         <kind>archive</kind>
         <file>driverlib.a</file>
         <name>pin.obj</name>
      </input_file>
      <input_file id="fl-e9">
         <path>C:\ti\CC3200SDK_1.3.0\cc3200-sdk\driverlib\ccs\Release\</path>
         <kind>archive</kind>
         <file>driverlib.a</file>
         <name>prcm.obj</name>
      </input_file>
      <input_file id="fl-ea">
         <path>C:\ti\CC3200SDK_1.3.0\cc3200-sdk\driverlib\ccs\Release\</path>
         <kind>archive</kind>
         <file>driverlib.a</file>
         <name>uart.obj</name>
      </input_file>
      <input_file id="fl-eb">
         <path>C:\ti\CC3200SDK_1.3.0\cc3200-sdk\driverlib\ccs\Release\</path>
         <kind>archive</kind>
         <file>driverlib.a</file>
         <name>utils.obj</name>
      </input_file>
      <input_file id="fl-ec">
         <path>C:\ti\CC3200SDK_1.3.0\cc3200-sdk\driverlib\ccs\Release\</path>
         <kind>archive</kind>
         <file>driverlib.a</file>
         <name>cpu.obj</name>
      </input_file>
      <input_file id="fl-ed">
         <path>C:\ti\CC3200SDK_1.3.0\cc3200-sdk\driverlib\ccs\Release\</path>
         <kind>archive</kind>
         <file>driverlib.a</file>
         <name>flash.obj</name>
      </input_file>
   </input_file_list>
   <object_component_list>
      <object_component id="oc-f">
         <name>.intvecs</name>
         <load_address>0x20004000</load_address>
         <run_address>0x20004000</run_address>
         <size>0x400</size>
         <input_file_ref idref="fl-7"/>
      </object_component>
      <object_component id="oc-253">
         <name>.text:__TI_printfi</name>
         <load_address>0x20004400</load_address>
         <run_address>0x20004400</run_address>
         <size>0xa5e</size>
         <input_file_ref idref="fl-d3"/>
      </object_component>
      <object_component id="oc-2b5">
         <name>.text:_nop</name>
         <load_address>0x20004e5e</load_address>
         <run_address>0x20004e5e</run_address>
         <size>0x2</size>
         <input_file_ref idref="fl-c9"/>
      </object_component>
      <object_component id="oc-c2">
         <name>.text</name>
         <load_address>0x20004e60</load_address>
         <run_address>0x20004e60</run_address>
         <size>0x398</size>
         <input_file_ref idref="fl-2"/>
      </object_component>
      <object_component id="oc-94">
         <name>.text</name>
         <load_address>0x200051f8</load_address>
         <run_address>0x200051f8</run_address>
         <size>0x338</size>
         <input_file_ref idref="fl-5"/>
      </object_component>
      <object_component id="oc-cf">
         <name>.text</name>
         <load_address>0x20005530</load_address>
         <run_address>0x20005530</run_address>
         <size>0x280</size>
         <input_file_ref idref="fl-8"/>
      </object_component>
      <object_component id="oc-2ff">
         <name>.text:_pconv_a</name>
         <load_address>0x200057b0</load_address>
         <run_address>0x200057b0</run_address>
         <size>0x270</size>
         <input_file_ref idref="fl-d3"/>
      </object_component>
      <object_component id="oc-2ed">
         <name>.text:_pconv_g</name>
         <load_address>0x20005a20</load_address>
         <run_address>0x20005a20</run_address>
         <size>0x1d0</size>
         <input_file_ref idref="fl-d3"/>
      </object_component>
      <object_component id="oc-379">
         <name>.text</name>
         <load_address>0x20005bf0</load_address>
         <run_address>0x20005bf0</run_address>
         <size>0x1b6</size>
         <input_file_ref idref="fl-dc"/>
      </object_component>
      <object_component id="oc-3cd">
         <name>.text</name>
         <load_address>0x20005da6</load_address>
         <run_address>0x20005da6</run_address>
         <size>0x2</size>
         <input_file_ref idref="fl-e5"/>
      </object_component>
      <object_component id="oc-e7">
         <name>.text:PRCMCC3200MCUInit</name>
         <load_address>0x20005da8</load_address>
         <run_address>0x20005da8</run_address>
         <size>0x178</size>
         <input_file_ref idref="fl-e9"/>
      </object_component>
      <object_component id="oc-2f9">
         <name>.text:_pconv_e</name>
         <load_address>0x20005f20</load_address>
         <run_address>0x20005f20</run_address>
         <size>0x13c</size>
         <input_file_ref idref="fl-d3"/>
      </object_component>
      <object_component id="oc-ed">
         <name>.text</name>
         <load_address>0x2000605c</load_address>
         <run_address>0x2000605c</run_address>
         <size>0x138</size>
         <input_file_ref idref="fl-3"/>
      </object_component>
      <object_component id="oc-35f">
         <name>.text</name>
         <load_address>0x20006194</load_address>
         <run_address>0x20006194</run_address>
         <size>0x136</size>
         <input_file_ref idref="fl-de"/>
      </object_component>
      <object_component id="oc-38b">
         <name>.text:fcvt</name>
         <load_address>0x200062cc</load_address>
         <run_address>0x200062cc</run_address>
         <size>0x124</size>
         <input_file_ref idref="fl-d3"/>
      </object_component>
      <object_component id="oc-199">
         <name>.text:realloc</name>
         <load_address>0x200063f0</load_address>
         <run_address>0x200063f0</run_address>
         <size>0x114</size>
         <input_file_ref idref="fl-c8"/>
      </object_component>
      <object_component id="oc-39f">
         <name>.text:scalbn</name>
         <load_address>0x20006504</load_address>
         <run_address>0x20006504</run_address>
         <size>0x110</size>
         <input_file_ref idref="fl-db"/>
      </object_component>
      <object_component id="oc-35a">
         <name>.text</name>
         <load_address>0x20006614</load_address>
         <run_address>0x20006614</run_address>
         <size>0xfc</size>
         <input_file_ref idref="fl-df"/>
      </object_component>
      <object_component id="oc-19f">
         <name>.text:free</name>
         <load_address>0x20006710</load_address>
         <run_address>0x20006710</run_address>
         <size>0xd8</size>
         <input_file_ref idref="fl-c8"/>
      </object_component>
      <object_component id="oc-2e2">
         <name>.text:_ltostr</name>
         <load_address>0x200067e8</load_address>
         <run_address>0x200067e8</run_address>
         <size>0xb1</size>
         <input_file_ref idref="fl-d3"/>
      </object_component>
      <object_component id="oc-e1">
         <name>.text:IntEnable</name>
         <load_address>0x2000689c</load_address>
         <run_address>0x2000689c</run_address>
         <size>0xa8</size>
         <input_file_ref idref="fl-e7"/>
      </object_component>
      <object_component id="oc-3a">
         <name>.text</name>
         <load_address>0x20006944</load_address>
         <run_address>0x20006944</run_address>
         <size>0x9c</size>
         <input_file_ref idref="fl-ce"/>
      </object_component>
      <object_component id="oc-353">
         <name>.text</name>
         <load_address>0x200069e0</load_address>
         <run_address>0x200069e0</run_address>
         <size>0x96</size>
         <input_file_ref idref="fl-e2"/>
      </object_component>
      <object_component id="oc-163">
         <name>.text:PRCMPeripheralClockGet</name>
         <load_address>0x20006a78</load_address>
         <run_address>0x20006a78</run_address>
         <size>0x94</size>
         <input_file_ref idref="fl-e9"/>
      </object_component>
      <object_component id="oc-2aa">
         <name>.text:PinConfigSet</name>
         <load_address>0x20006b0c</load_address>
         <run_address>0x20006b0c</run_address>
         <size>0x88</size>
         <input_file_ref idref="fl-e8"/>
      </object_component>
      <object_component id="oc-2e8">
         <name>.text:__aeabi_cdcmple</name>
         <load_address>0x20006b94</load_address>
         <run_address>0x20006b94</run_address>
         <size>0x86</size>
         <input_file_ref idref="fl-dd"/>
      </object_component>
      <object_component id="oc-364">
         <name>.text:__aeabi_cdrcmple</name>
         <load_address>0x20006c1a</load_address>
         <run_address>0x20006c1a</run_address>
         <size>0x86</size>
         <input_file_ref idref="fl-dd"/>
      </object_component>
      <object_component id="oc-132">
         <name>.text:GPIOIntTypeSet</name>
         <load_address>0x20006ca0</load_address>
         <run_address>0x20006ca0</run_address>
         <size>0x82</size>
         <input_file_ref idref="fl-e6"/>
      </object_component>
      <object_component id="oc-88">
         <name>.text</name>
         <load_address>0x20006d22</load_address>
         <run_address>0x20006d22</run_address>
         <size>0x7a</size>
         <input_file_ref idref="fl-cf"/>
      </object_component>
      <object_component id="oc-193">
         <name>.text:malloc</name>
         <load_address>0x20006d9c</load_address>
         <run_address>0x20006d9c</run_address>
         <size>0x78</size>
         <input_file_ref idref="fl-c8"/>
      </object_component>
      <object_component id="oc-169">
         <name>.text:UARTConfigSetExpClk</name>
         <load_address>0x20006e14</load_address>
         <run_address>0x20006e14</run_address>
         <size>0x76</size>
         <input_file_ref idref="fl-ea"/>
      </object_component>
      <object_component id="oc-384">
         <name>.text:_mcpy</name>
         <load_address>0x20006e8a</load_address>
         <run_address>0x20006e8a</run_address>
         <size>0x6e</size>
         <input_file_ref idref="fl-d3"/>
      </object_component>
      <object_component id="oc-12">
         <name>.text:decompress:lzss:__TI_decompress_lzss</name>
         <load_address>0x20006ef8</load_address>
         <run_address>0x20006ef8</run_address>
         <size>0x68</size>
         <input_file_ref idref="fl-c5"/>
      </object_component>
      <object_component id="oc-399">
         <name>.text:frexp</name>
         <load_address>0x20006f60</load_address>
         <run_address>0x20006f60</run_address>
         <size>0x64</size>
         <input_file_ref idref="fl-da"/>
      </object_component>
      <object_component id="oc-1dd">
         <name>.text:PRCMPeripheralReset</name>
         <load_address>0x20006fc4</load_address>
         <run_address>0x20006fc4</run_address>
         <size>0x58</size>
         <input_file_ref idref="fl-e9"/>
      </object_component>
      <object_component id="oc-2f3">
         <name>.text:_pconv_f</name>
         <load_address>0x2000701c</load_address>
         <run_address>0x2000701c</run_address>
         <size>0x56</size>
         <input_file_ref idref="fl-d3"/>
      </object_component>
      <object_component id="oc-138">
         <name>.text:IntPrioritySet</name>
         <load_address>0x20007074</load_address>
         <run_address>0x20007074</run_address>
         <size>0x54</size>
         <input_file_ref idref="fl-e7"/>
      </object_component>
      <object_component id="oc-36e">
         <name>.text:ltoa</name>
         <load_address>0x200070c8</load_address>
         <run_address>0x200070c8</run_address>
         <size>0x54</size>
         <input_file_ref idref="fl-d6"/>
      </object_component>
      <object_component id="oc-37e">
         <name>.text:_ecpy</name>
         <load_address>0x2000711c</load_address>
         <run_address>0x2000711c</run_address>
         <size>0x52</size>
         <input_file_ref idref="fl-d3"/>
      </object_component>
      <object_component id="oc-2dc">
         <name>.text:atoi</name>
         <load_address>0x20007170</load_address>
         <run_address>0x20007170</run_address>
         <size>0x4c</size>
         <input_file_ref idref="fl-d4"/>
      </object_component>
      <object_component id="oc-228">
         <name>.text:GPIOGetIntNumber</name>
         <load_address>0x200071bc</load_address>
         <run_address>0x200071bc</run_address>
         <size>0x48</size>
         <input_file_ref idref="fl-e6"/>
      </object_component>
      <object_component id="oc-369">
         <name>.text</name>
         <load_address>0x20007204</load_address>
         <run_address>0x20007204</run_address>
         <size>0x48</size>
         <input_file_ref idref="fl-e0"/>
      </object_component>
      <object_component id="oc-100">
         <name>.text:__TI_auto_init_nobinit_nopinit:__TI_auto_init_nobinit_nopinit</name>
         <load_address>0x2000724c</load_address>
         <run_address>0x2000724c</run_address>
         <size>0x44</size>
         <input_file_ref idref="fl-d0"/>
      </object_component>
      <object_component id="oc-1ea">
         <name>.text:PinModeSet</name>
         <load_address>0x20007290</load_address>
         <run_address>0x20007290</run_address>
         <size>0x40</size>
         <input_file_ref idref="fl-e8"/>
      </object_component>
      <object_component id="oc-175">
         <name>.text:vsnprintf</name>
         <load_address>0x200072d0</load_address>
         <run_address>0x200072d0</run_address>
         <size>0x40</size>
         <input_file_ref idref="fl-cd"/>
      </object_component>
      <object_component id="oc-391">
         <name>.text:_fcpy</name>
         <load_address>0x20007310</load_address>
         <run_address>0x20007310</run_address>
         <size>0x3e</size>
         <input_file_ref idref="fl-d3"/>
      </object_component>
      <object_component id="oc-1d7">
         <name>.text:PRCMPeripheralClkEnable</name>
         <load_address>0x20007350</load_address>
         <run_address>0x20007350</run_address>
         <size>0x3c</size>
         <input_file_ref idref="fl-e9"/>
      </object_component>
      <object_component id="oc-283">
         <name>.text:minsert</name>
         <load_address>0x2000738c</load_address>
         <run_address>0x2000738c</run_address>
         <size>0x3c</size>
         <input_file_ref idref="fl-c8"/>
      </object_component>
      <object_component id="oc-58">
         <name>.text:_c_int00_noargs:_c_int00_noargs</name>
         <load_address>0x200073c8</load_address>
         <run_address>0x200073c8</run_address>
         <size>0x38</size>
         <input_file_ref idref="fl-c6"/>
      </object_component>
      <object_component id="oc-277">
         <name>.text:minit</name>
         <load_address>0x20007400</load_address>
         <run_address>0x20007400</run_address>
         <size>0x38</size>
         <input_file_ref idref="fl-c8"/>
      </object_component>
      <object_component id="oc-1f6">
         <name>.text:GPIODirModeSet</name>
         <load_address>0x20007438</load_address>
         <run_address>0x20007438</run_address>
         <size>0x36</size>
         <input_file_ref idref="fl-e6"/>
      </object_component>
      <object_component id="oc-1f0">
         <name>.text:PinTypeGPIO</name>
         <load_address>0x2000746e</load_address>
         <run_address>0x2000746e</run_address>
         <size>0x30</size>
         <input_file_ref idref="fl-e8"/>
      </object_component>
      <object_component id="oc-245">
         <name>.text:UARTDisable</name>
         <load_address>0x200074a0</load_address>
         <run_address>0x200074a0</run_address>
         <size>0x30</size>
         <input_file_ref idref="fl-ea"/>
      </object_component>
      <object_component id="oc-259">
         <name>.text:_outs</name>
         <load_address>0x200074d0</load_address>
         <run_address>0x200074d0</run_address>
         <size>0x30</size>
         <input_file_ref idref="fl-cd"/>
      </object_component>
      <object_component id="oc-374">
         <name>.text</name>
         <load_address>0x20007500</load_address>
         <run_address>0x20007500</run_address>
         <size>0x2e</size>
         <input_file_ref idref="fl-e1"/>
      </object_component>
      <object_component id="oc-1c5">
         <name>.text:PRCMSysResetCauseGet</name>
         <load_address>0x20007530</load_address>
         <run_address>0x20007530</run_address>
         <size>0x2c</size>
         <input_file_ref idref="fl-e9"/>
      </object_component>
      <object_component id="oc-1e3">
         <name>.text:PRCMPeripheralClkDisable</name>
         <load_address>0x2000755c</load_address>
         <run_address>0x2000755c</run_address>
         <size>0x28</size>
         <input_file_ref idref="fl-e9"/>
      </object_component>
      <object_component id="oc-27d">
         <name>.text:mremove</name>
         <load_address>0x20007584</load_address>
         <run_address>0x20007584</run_address>
         <size>0x28</size>
         <input_file_ref idref="fl-c8"/>
      </object_component>
      <object_component id="oc-24b">
         <name>.text:UARTEnable</name>
         <load_address>0x200075ac</load_address>
         <run_address>0x200075ac</run_address>
         <size>0x24</size>
         <input_file_ref idref="fl-ea"/>
      </object_component>
      <object_component id="oc-18d">
         <name>.text:memmove</name>
         <load_address>0x200075d0</load_address>
         <run_address>0x200075d0</run_address>
         <size>0x24</size>
         <input_file_ref idref="fl-cb"/>
      </object_component>
      <object_component id="oc-150">
         <name>.text:GPIOPinWrite</name>
         <load_address>0x200075f4</load_address>
         <run_address>0x200075f4</run_address>
         <size>0x20</size>
         <input_file_ref idref="fl-e6"/>
      </object_component>
      <object_component id="oc-22e">
         <name>.text:IntRegister</name>
         <load_address>0x20007614</load_address>
         <run_address>0x20007614</run_address>
         <size>0x20</size>
         <input_file_ref idref="fl-e7"/>
      </object_component>
      <object_component id="oc-13e">
         <name>.text:GPIOIntRegister</name>
         <load_address>0x20007634</load_address>
         <run_address>0x20007634</run_address>
         <size>0x1e</size>
         <input_file_ref idref="fl-e6"/>
      </object_component>
      <object_component id="oc-16f">
         <name>.text:UARTCharPut</name>
         <load_address>0x20007652</load_address>
         <run_address>0x20007652</run_address>
         <size>0x1e</size>
         <input_file_ref idref="fl-ea"/>
      </object_component>
      <object_component id="oc-181">
         <name>.text:UARTCharGetNonBlocking</name>
         <load_address>0x20007670</load_address>
         <run_address>0x20007670</run_address>
         <size>0x1c</size>
         <input_file_ref idref="fl-ea"/>
      </object_component>
      <object_component id="oc-305">
         <name>.text:memccpy</name>
         <load_address>0x2000768c</load_address>
         <run_address>0x2000768c</run_address>
         <size>0x1c</size>
         <input_file_ref idref="fl-d7"/>
      </object_component>
      <object_component id="oc-14a">
         <name>.text:GPIOIntEnable</name>
         <load_address>0x200076a8</load_address>
         <run_address>0x200076a8</run_address>
         <size>0x1a</size>
         <input_file_ref idref="fl-e6"/>
      </object_component>
      <object_component id="oc-1fc">
         <name>.text:PinTypeUART</name>
         <load_address>0x200076c2</load_address>
         <run_address>0x200076c2</run_address>
         <size>0x1a</size>
         <input_file_ref idref="fl-e8"/>
      </object_component>
      <object_component id="oc-c9">
         <name>.text:GPIOPinRead</name>
         <load_address>0x200076dc</load_address>
         <run_address>0x200076dc</run_address>
         <size>0x18</size>
         <input_file_ref idref="fl-e6"/>
      </object_component>
      <object_component id="oc-17b">
         <name>.text:UARTCharsAvail</name>
         <load_address>0x200076f4</load_address>
         <run_address>0x200076f4</run_address>
         <size>0x18</size>
         <input_file_ref idref="fl-ea"/>
      </object_component>
      <object_component id="oc-25f">
         <name>.text:_outc</name>
         <load_address>0x2000770c</load_address>
         <run_address>0x2000770c</run_address>
         <size>0x18</size>
         <input_file_ref idref="fl-cd"/>
      </object_component>
      <object_component id="oc-1cb">
         <name>.text:PRCMHIBRegRead</name>
         <load_address>0x20007724</load_address>
         <run_address>0x20007724</run_address>
         <size>0x16</size>
         <input_file_ref idref="fl-e9"/>
      </object_component>
      <object_component id="oc-1d1">
         <name>.text:PRCMHIBRegWrite</name>
         <load_address>0x2000773a</load_address>
         <run_address>0x2000773a</run_address>
         <size>0x16</size>
         <input_file_ref idref="fl-e9"/>
      </object_component>
      <object_component id="oc-3a5">
         <name>.text:strchr</name>
         <load_address>0x20007750</load_address>
         <run_address>0x20007750</run_address>
         <size>0x16</size>
         <input_file_ref idref="fl-d8"/>
      </object_component>
      <object_component id="oc-1b5">
         <name>.text:CPUcpsie</name>
         <load_address>0x20007766</load_address>
         <run_address>0x20007766</run_address>
         <size>0x14</size>
         <input_file_ref idref="fl-ec"/>
      </object_component>
      <object_component id="oc-144">
         <name>.text:GPIOIntClear</name>
         <load_address>0x2000777a</load_address>
         <run_address>0x2000777a</run_address>
         <size>0x14</size>
         <input_file_ref idref="fl-e6"/>
      </object_component>
      <object_component id="oc-d5">
         <name>.text:IntVTableBaseSet</name>
         <load_address>0x20007790</load_address>
         <run_address>0x20007790</run_address>
         <size>0x14</size>
         <input_file_ref idref="fl-e7"/>
      </object_component>
      <object_component id="oc-3e6">
         <name>.text:copysign</name>
         <load_address>0x200077a4</load_address>
         <run_address>0x200077a4</run_address>
         <size>0x14</size>
         <input_file_ref idref="fl-e4"/>
      </object_component>
      <object_component id="oc-187">
         <name>.text:strlen</name>
         <load_address>0x200077b8</load_address>
         <run_address>0x200077b8</run_address>
         <size>0x14</size>
         <input_file_ref idref="fl-cc"/>
      </object_component>
      <object_component id="oc-46">
         <name>.text:decompress:ZI:__TI_zero_init_nomemset:__TI_zero_init_nomemset</name>
         <load_address>0x200077cc</load_address>
         <run_address>0x200077cc</run_address>
         <size>0x12</size>
         <input_file_ref idref="fl-c3"/>
      </object_component>
      <object_component id="oc-30b">
         <name>.text:wcslen</name>
         <load_address>0x200077de</load_address>
         <run_address>0x200077de</run_address>
         <size>0x12</size>
         <input_file_ref idref="fl-d9"/>
      </object_component>
      <object_component id="oc-18">
         <name>.text:decompress:none:__TI_decompress_none</name>
         <load_address>0x200077f0</load_address>
         <run_address>0x200077f0</run_address>
         <size>0xe</size>
         <input_file_ref idref="fl-c4"/>
      </object_component>
      <object_component id="oc-26">
         <name>.text</name>
         <load_address>0x200077fe</load_address>
         <run_address>0x200077fe</run_address>
         <size>0xe</size>
         <input_file_ref idref="fl-7"/>
      </object_component>
      <object_component id="oc-db">
         <name>.text:IntMasterEnable</name>
         <load_address>0x2000780c</load_address>
         <run_address>0x2000780c</run_address>
         <size>0xa</size>
         <input_file_ref idref="fl-e7"/>
      </object_component>
      <object_component id="oc-311">
         <name>.text:__aeabi_errno_addr</name>
         <load_address>0x20007818</load_address>
         <run_address>0x20007818</run_address>
         <size>0x8</size>
         <input_file_ref idref="fl-e3"/>
      </object_component>
      <object_component id="oc-c8">
         <name>.text:UtilsDelay</name>
         <load_address>0x20007820</load_address>
         <run_address>0x20007820</run_address>
         <size>0x6</size>
         <input_file_ref idref="fl-eb"/>
      </object_component>
      <object_component id="oc-8e">
         <name>.text:_system_pre_init</name>
         <load_address>0x20007826</load_address>
         <run_address>0x20007826</run_address>
         <size>0x4</size>
         <input_file_ref idref="fl-d1"/>
      </object_component>
      <object_component id="oc-f4">
         <name>.text:abort:abort</name>
         <load_address>0x2000782a</load_address>
         <run_address>0x2000782a</run_address>
         <size>0x4</size>
         <input_file_ref idref="fl-c7"/>
      </object_component>
      <object_component id="oc-34e">
         <name>.const:.string:_ctypes_</name>
         <load_address>0x20007830</load_address>
         <run_address>0x20007830</run_address>
         <size>0x101</size>
         <input_file_ref idref="fl-d5"/>
      </object_component>
      <object_component id="oc-2a6">
         <name>.const:g_ulPinToPadMap</name>
         <load_address>0x20007934</load_address>
         <run_address>0x20007934</run_address>
         <size>0x100</size>
         <input_file_ref idref="fl-e8"/>
      </object_component>
      <object_component id="oc-224">
         <name>.const:g_pulRegs</name>
         <load_address>0x20007a34</load_address>
         <run_address>0x20007a34</run_address>
         <size>0xd4</size>
         <input_file_ref idref="fl-e7"/>
      </object_component>
      <object_component id="oc-29f">
         <name>.const:PRCM_PeriphRegsList</name>
         <load_address>0x20007b08</load_address>
         <run_address>0x20007b08</run_address>
         <size>0xa8</size>
         <input_file_ref idref="fl-e9"/>
      </object_component>
      <object_component id="oc-1c1">
         <name>.const</name>
         <load_address>0x20007bb0</load_address>
         <run_address>0x20007bb0</run_address>
         <size>0x80</size>
         <input_file_ref idref="fl-e7"/>
      </object_component>
      <object_component id="oc-43c">
         <name>.cinit..data.load</name>
         <load_address>0x20007c30</load_address>
         <run_address>0x20007c30</run_address>
         <size>0x1e</size>
      </object_component>
      <object_component id="oc-43a">
         <name>__TI_handler_table</name>
         <load_address>0x20007c50</load_address>
         <run_address>0x20007c50</run_address>
         <size>0xc</size>
      </object_component>
      <object_component id="oc-43d">
         <name>.cinit..bss.load</name>
         <load_address>0x20007c60</load_address>
         <run_address>0x20007c60</run_address>
         <size>0x8</size>
      </object_component>
      <object_component id="oc-43b">
         <name>__TI_cinit_table</name>
         <load_address>0x20007c68</load_address>
         <run_address>0x20007c68</run_address>
         <size>0x10</size>
      </object_component>
      <object_component id="oc-15e">
         <name>.data:ulReg</name>
         <load_address>0x2001d800</load_address>
         <run_address>0x2001d800</run_address>
         <size>0x14</size>
         <input_file_ref idref="fl-2"/>
      </object_component>
      <object_component id="oc-156">
         <name>.data</name>
         <load_address>0x2001d820</load_address>
         <run_address>0x2001d820</run_address>
         <size>0xc</size>
         <input_file_ref idref="fl-2"/>
      </object_component>
      <object_component id="oc-289">
         <name>.data:$O1$$</name>
         <load_address>0x2001d814</load_address>
         <run_address>0x2001d814</run_address>
         <size>0xc</size>
         <input_file_ref idref="fl-c8"/>
      </object_component>
      <object_component id="oc-207">
         <name>.data:$O1$$</name>
         <load_address>0x2001d82c</load_address>
         <run_address>0x2001d82c</run_address>
         <size>0x8</size>
         <input_file_ref idref="fl-c9"/>
      </object_component>
      <object_component id="oc-3b5">
         <name>.data</name>
         <load_address>0x2001d834</load_address>
         <run_address>0x2001d834</run_address>
         <size>0x4</size>
         <input_file_ref idref="fl-e3"/>
      </object_component>
      <object_component id="oc-1a5">
         <name>.bss</name>
         <uninitialized>true</uninitialized>
         <run_address>0x2001d838</run_address>
         <size>0x4</size>
         <input_file_ref idref="fl-8"/>
      </object_component>
      <object_component id="oc-159">
         <name>.common:g_ucLED1Pin</name>
         <uninitialized>true</uninitialized>
         <run_address>0x2001d83c</run_address>
         <size>0x1</size>
      </object_component>
      <object_component id="oc-15c">
         <name>.common:g_ucLED2Pin</name>
         <uninitialized>true</uninitialized>
         <run_address>0x2001d83d</run_address>
         <size>0x1</size>
      </object_component>
      <object_component id="oc-15d">
         <name>.common:g_ucLED3Pin</name>
         <uninitialized>true</uninitialized>
         <run_address>0x2001d83e</run_address>
         <size>0x1</size>
      </object_component>
      <object_component id="oc-23">
         <name>.sysmem</name>
         <uninitialized>true</uninitialized>
         <run_address>0x2001d000</run_address>
         <size>0x8</size>
         <input_file_ref idref="fl-c8"/>
      </object_component>
      <object_component id="oc-43f">
         <name>.sysmem</name>
         <uninitialized>true</uninitialized>
         <run_address>0x2001d000</run_address>
         <size>0x0</size>
      </object_component>
      <object_component id="oc-20">
         <name>.stack</name>
         <uninitialized>true</uninitialized>
         <run_address>0x2003f800</run_address>
         <size>0x4</size>
         <input_file_ref idref="fl-c6"/>
      </object_component>
      <object_component id="oc-43e">
         <name>.stack</name>
         <uninitialized>true</uninitialized>
         <run_address>0x2003f800</run_address>
         <size>0x0</size>
      </object_component>
      <object_component id="oc-15a">
         <name>.debug_info</name>
         <load_address>0x0</load_address>
         <run_address>0x0</run_address>
         <size>0x48e</size>
         <input_file_ref idref="fl-2"/>
      </object_component>
      <object_component id="oc-15f">
         <name>.debug_info</name>
         <load_address>0x48e</load_address>
         <run_address>0x48e</run_address>
         <size>0x100</size>
         <input_file_ref idref="fl-2"/>
      </object_component>
      <object_component id="oc-157">
         <name>.debug_info</name>
         <load_address>0x58e</load_address>
         <run_address>0x58e</run_address>
         <size>0x161</size>
         <input_file_ref idref="fl-2"/>
      </object_component>
      <object_component id="oc-c3">
         <name>.debug_info</name>
         <load_address>0x6ef</load_address>
         <run_address>0x6ef</run_address>
         <size>0xf05</size>
         <input_file_ref idref="fl-2"/>
      </object_component>
      <object_component id="oc-23d">
         <name>.debug_info</name>
         <load_address>0x15f4</load_address>
         <run_address>0x15f4</run_address>
         <size>0x26b</size>
         <input_file_ref idref="fl-2"/>
      </object_component>
      <object_component id="oc-336">
         <name>.debug_info</name>
         <load_address>0x185f</load_address>
         <run_address>0x185f</run_address>
         <size>0x62</size>
         <input_file_ref idref="fl-2"/>
      </object_component>
      <object_component id="oc-35">
         <name>.debug_info</name>
         <load_address>0x18c1</load_address>
         <run_address>0x18c1</run_address>
         <size>0x84</size>
         <input_file_ref idref="fl-2"/>
      </object_component>
      <object_component id="oc-293">
         <name>.debug_info</name>
         <load_address>0x1945</load_address>
         <run_address>0x1945</run_address>
         <size>0x297</size>
         <input_file_ref idref="fl-2"/>
      </object_component>
      <object_component id="oc-1bc">
         <name>.debug_info</name>
         <load_address>0x1bdc</load_address>
         <run_address>0x1bdc</run_address>
         <size>0x2c</size>
         <input_file_ref idref="fl-2"/>
      </object_component>
      <object_component id="oc-1aa">
         <name>.debug_info</name>
         <load_address>0x1c08</load_address>
         <run_address>0x1c08</run_address>
         <size>0x2c</size>
         <input_file_ref idref="fl-2"/>
      </object_component>
      <object_component id="oc-ee">
         <name>.debug_info</name>
         <load_address>0x1c34</load_address>
         <run_address>0x1c34</run_address>
         <size>0x3c9</size>
         <input_file_ref idref="fl-3"/>
      </object_component>
      <object_component id="oc-95">
         <name>.debug_info</name>
         <load_address>0x1ffd</load_address>
         <run_address>0x1ffd</run_address>
         <size>0x592</size>
         <input_file_ref idref="fl-5"/>
      </object_component>
      <object_component id="oc-2e">
         <name>.debug_info</name>
         <load_address>0x258f</load_address>
         <run_address>0x258f</run_address>
         <size>0x2c2</size>
         <input_file_ref idref="fl-7"/>
      </object_component>
      <object_component id="oc-10">
         <name>.debug_info</name>
         <load_address>0x2851</load_address>
         <run_address>0x2851</run_address>
         <size>0x113</size>
         <input_file_ref idref="fl-7"/>
      </object_component>
      <object_component id="oc-28">
         <name>.debug_info</name>
         <load_address>0x2964</load_address>
         <run_address>0x2964</run_address>
         <size>0x434</size>
         <input_file_ref idref="fl-7"/>
      </object_component>
      <object_component id="oc-1a9">
         <name>.debug_info</name>
         <load_address>0x2d98</load_address>
         <run_address>0x2d98</run_address>
         <size>0x507</size>
         <input_file_ref idref="fl-8"/>
      </object_component>
      <object_component id="oc-1a6">
         <name>.debug_info</name>
         <load_address>0x329f</load_address>
         <run_address>0x329f</run_address>
         <size>0x10a</size>
         <input_file_ref idref="fl-8"/>
      </object_component>
      <object_component id="oc-d1">
         <name>.debug_info</name>
         <load_address>0x33a9</load_address>
         <run_address>0x33a9</run_address>
         <size>0x8e6</size>
         <input_file_ref idref="fl-8"/>
      </object_component>
      <object_component id="oc-1af">
         <name>.debug_info</name>
         <load_address>0x3c8f</load_address>
         <run_address>0x3c8f</run_address>
         <size>0x110</size>
         <input_file_ref idref="fl-8"/>
      </object_component>
      <object_component id="oc-87">
         <name>.debug_info</name>
         <load_address>0x3d9f</load_address>
         <run_address>0x3d9f</run_address>
         <size>0x31e</size>
         <input_file_ref idref="fl-c3"/>
      </object_component>
      <object_component id="oc-49">
         <name>.debug_info</name>
         <load_address>0x40bd</load_address>
         <run_address>0x40bd</run_address>
         <size>0x1bf</size>
         <input_file_ref idref="fl-c3"/>
      </object_component>
      <object_component id="oc-82">
         <name>.debug_info</name>
         <load_address>0x427c</load_address>
         <run_address>0x427c</run_address>
         <size>0x46</size>
         <input_file_ref idref="fl-c3"/>
      </object_component>
      <object_component id="oc-b9">
         <name>.debug_info</name>
         <load_address>0x42c2</load_address>
         <run_address>0x42c2</run_address>
         <size>0x2c</size>
         <input_file_ref idref="fl-c3"/>
      </object_component>
      <object_component id="oc-45">
         <name>.debug_info</name>
         <load_address>0x42ee</load_address>
         <run_address>0x42ee</run_address>
         <size>0x2a8</size>
         <input_file_ref idref="fl-c4"/>
      </object_component>
      <object_component id="oc-1b">
         <name>.debug_info</name>
         <load_address>0x4596</load_address>
         <run_address>0x4596</run_address>
         <size>0x1ea</size>
         <input_file_ref idref="fl-c4"/>
      </object_component>
      <object_component id="oc-40">
         <name>.debug_info</name>
         <load_address>0x4780</load_address>
         <run_address>0x4780</run_address>
         <size>0x46</size>
         <input_file_ref idref="fl-c4"/>
      </object_component>
      <object_component id="oc-7a">
         <name>.debug_info</name>
         <load_address>0x47c6</load_address>
         <run_address>0x47c6</run_address>
         <size>0x2c</size>
         <input_file_ref idref="fl-c4"/>
      </object_component>
      <object_component id="oc-78">
         <name>.debug_info</name>
         <load_address>0x47f2</load_address>
         <run_address>0x47f2</run_address>
         <size>0x29e</size>
         <input_file_ref idref="fl-c5"/>
      </object_component>
      <object_component id="oc-13">
         <name>.debug_info</name>
         <load_address>0x4a90</load_address>
         <run_address>0x4a90</run_address>
         <size>0x250</size>
         <input_file_ref idref="fl-c5"/>
      </object_component>
      <object_component id="oc-30">
         <name>.debug_info</name>
         <load_address>0x4ce0</load_address>
         <run_address>0x4ce0</run_address>
         <size>0x60</size>
         <input_file_ref idref="fl-c5"/>
      </object_component>
      <object_component id="oc-b2">
         <name>.debug_info</name>
         <load_address>0x4d40</load_address>
         <run_address>0x4d40</run_address>
         <size>0x46</size>
         <input_file_ref idref="fl-c5"/>
      </object_component>
      <object_component id="oc-73">
         <name>.debug_info</name>
         <load_address>0x4d86</load_address>
         <run_address>0x4d86</run_address>
         <size>0x39</size>
         <input_file_ref idref="fl-c5"/>
      </object_component>
      <object_component id="oc-21">
         <name>.debug_info</name>
         <load_address>0x4dbf</load_address>
         <run_address>0x4dbf</run_address>
         <size>0x10b</size>
         <input_file_ref idref="fl-c6"/>
      </object_component>
      <object_component id="oc-5a">
         <name>.debug_info</name>
         <load_address>0x4eca</load_address>
         <run_address>0x4eca</run_address>
         <size>0x1af</size>
         <input_file_ref idref="fl-c6"/>
      </object_component>
      <object_component id="oc-f5">
         <name>.debug_info</name>
         <load_address>0x5079</load_address>
         <run_address>0x5079</run_address>
         <size>0x122</size>
         <input_file_ref idref="fl-c7"/>
      </object_component>
      <object_component id="oc-6e">
         <name>.debug_info</name>
         <load_address>0x519b</load_address>
         <run_address>0x519b</run_address>
         <size>0x3c6</size>
         <input_file_ref idref="fl-c8"/>
      </object_component>
      <object_component id="oc-24">
         <name>.debug_info</name>
         <load_address>0x5561</load_address>
         <run_address>0x5561</run_address>
         <size>0x10c</size>
         <input_file_ref idref="fl-c8"/>
      </object_component>
      <object_component id="oc-28a">
         <name>.debug_info</name>
         <load_address>0x566d</load_address>
         <run_address>0x566d</run_address>
         <size>0x157</size>
         <input_file_ref idref="fl-c8"/>
      </object_component>
      <object_component id="oc-278">
         <name>.debug_info</name>
         <load_address>0x57c4</load_address>
         <run_address>0x57c4</run_address>
         <size>0x144</size>
         <input_file_ref idref="fl-c8"/>
      </object_component>
      <object_component id="oc-27e">
         <name>.debug_info</name>
         <load_address>0x5908</load_address>
         <run_address>0x5908</run_address>
         <size>0x17f</size>
         <input_file_ref idref="fl-c8"/>
      </object_component>
      <object_component id="oc-284">
         <name>.debug_info</name>
         <load_address>0x5a87</load_address>
         <run_address>0x5a87</run_address>
         <size>0x17d</size>
         <input_file_ref idref="fl-c8"/>
      </object_component>
      <object_component id="oc-194">
         <name>.debug_info</name>
         <load_address>0x5c04</load_address>
         <run_address>0x5c04</run_address>
         <size>0x1e6</size>
         <input_file_ref idref="fl-c8"/>
      </object_component>
      <object_component id="oc-1a0">
         <name>.debug_info</name>
         <load_address>0x5dea</load_address>
         <run_address>0x5dea</run_address>
         <size>0x1f1</size>
         <input_file_ref idref="fl-c8"/>
      </object_component>
      <object_component id="oc-19a">
         <name>.debug_info</name>
         <load_address>0x5fdb</load_address>
         <run_address>0x5fdb</run_address>
         <size>0x289</size>
         <input_file_ref idref="fl-c8"/>
      </object_component>
      <object_component id="oc-a8">
         <name>.debug_info</name>
         <load_address>0x6264</load_address>
         <run_address>0x6264</run_address>
         <size>0x2c</size>
         <input_file_ref idref="fl-c8"/>
      </object_component>
      <object_component id="oc-ad">
         <name>.debug_info</name>
         <load_address>0x6290</load_address>
         <run_address>0x6290</run_address>
         <size>0x62</size>
         <input_file_ref idref="fl-c8"/>
      </object_component>
      <object_component id="oc-2bd">
         <name>.debug_info</name>
         <load_address>0x62f2</load_address>
         <run_address>0x62f2</run_address>
         <size>0x2c9</size>
         <input_file_ref idref="fl-c9"/>
      </object_component>
      <object_component id="oc-208">
         <name>.debug_info</name>
         <load_address>0x65bb</load_address>
         <run_address>0x65bb</run_address>
         <size>0x11e</size>
         <input_file_ref idref="fl-c9"/>
      </object_component>
      <object_component id="oc-2b6">
         <name>.debug_info</name>
         <load_address>0x66d9</load_address>
         <run_address>0x66d9</run_address>
         <size>0x12e</size>
         <input_file_ref idref="fl-c9"/>
      </object_component>
      <object_component id="oc-276">
         <name>.debug_info</name>
         <load_address>0x6807</load_address>
         <run_address>0x6807</run_address>
         <size>0x2a5</size>
         <input_file_ref idref="fl-cb"/>
      </object_component>
      <object_component id="oc-18e">
         <name>.debug_info</name>
         <load_address>0x6aac</load_address>
         <run_address>0x6aac</run_address>
         <size>0x1b6</size>
         <input_file_ref idref="fl-cb"/>
      </object_component>
      <object_component id="oc-274">
         <name>.debug_info</name>
         <load_address>0x6c62</load_address>
         <run_address>0x6c62</run_address>
         <size>0x28f</size>
         <input_file_ref idref="fl-cc"/>
      </object_component>
      <object_component id="oc-18a">
         <name>.debug_info</name>
         <load_address>0x6ef1</load_address>
         <run_address>0x6ef1</run_address>
         <size>0x24b</size>
         <input_file_ref idref="fl-cc"/>
      </object_component>
      <object_component id="oc-266">
         <name>.debug_info</name>
         <load_address>0x713c</load_address>
         <run_address>0x713c</run_address>
         <size>0x340</size>
         <input_file_ref idref="fl-cd"/>
      </object_component>
      <object_component id="oc-176">
         <name>.debug_info</name>
         <load_address>0x747c</load_address>
         <run_address>0x747c</run_address>
         <size>0x208</size>
         <input_file_ref idref="fl-cd"/>
      </object_component>
      <object_component id="oc-25a">
         <name>.debug_info</name>
         <load_address>0x7684</load_address>
         <run_address>0x7684</run_address>
         <size>0x1c6</size>
         <input_file_ref idref="fl-cd"/>
      </object_component>
      <object_component id="oc-261">
         <name>.debug_info</name>
         <load_address>0x784a</load_address>
         <run_address>0x784a</run_address>
         <size>0x179</size>
         <input_file_ref idref="fl-cd"/>
      </object_component>
      <object_component id="oc-267">
         <name>.debug_info</name>
         <load_address>0x79c3</load_address>
         <run_address>0x79c3</run_address>
         <size>0x2c</size>
         <input_file_ref idref="fl-cd"/>
      </object_component>
      <object_component id="oc-26c">
         <name>.debug_info</name>
         <load_address>0x79ef</load_address>
         <run_address>0x79ef</run_address>
         <size>0x69</size>
         <input_file_ref idref="fl-cd"/>
      </object_component>
      <object_component id="oc-3b">
         <name>.debug_info</name>
         <load_address>0x7a58</load_address>
         <run_address>0x7a58</run_address>
         <size>0x11c</size>
         <input_file_ref idref="fl-ce"/>
      </object_component>
      <object_component id="oc-8b">
         <name>.debug_info</name>
         <load_address>0x7b74</load_address>
         <run_address>0x7b74</run_address>
         <size>0x14a</size>
         <input_file_ref idref="fl-cf"/>
      </object_component>
      <object_component id="oc-20e">
         <name>.debug_info</name>
         <load_address>0x7cbe</load_address>
         <run_address>0x7cbe</run_address>
         <size>0x552</size>
         <input_file_ref idref="fl-d0"/>
      </object_component>
      <object_component id="oc-103">
         <name>.debug_info</name>
         <load_address>0x8210</load_address>
         <run_address>0x8210</run_address>
         <size>0x1a6</size>
         <input_file_ref idref="fl-d0"/>
      </object_component>
      <object_component id="oc-2c3">
         <name>.debug_info</name>
         <load_address>0x83b6</load_address>
         <run_address>0x83b6</run_address>
         <size>0x39</size>
         <input_file_ref idref="fl-d0"/>
      </object_component>
      <object_component id="oc-342">
         <name>.debug_info</name>
         <load_address>0x83ef</load_address>
         <run_address>0x83ef</run_address>
         <size>0x39</size>
         <input_file_ref idref="fl-d0"/>
      </object_component>
      <object_component id="oc-2c8">
         <name>.debug_info</name>
         <load_address>0x8428</load_address>
         <run_address>0x8428</run_address>
         <size>0x39</size>
         <input_file_ref idref="fl-d0"/>
      </object_component>
      <object_component id="oc-2cd">
         <name>.debug_info</name>
         <load_address>0x8461</load_address>
         <run_address>0x8461</run_address>
         <size>0xcd</size>
         <input_file_ref idref="fl-d0"/>
      </object_component>
      <object_component id="oc-92">
         <name>.debug_info</name>
         <load_address>0x852e</load_address>
         <run_address>0x852e</run_address>
         <size>0x153</size>
         <input_file_ref idref="fl-d1"/>
      </object_component>
      <object_component id="oc-318">
         <name>.debug_info</name>
         <load_address>0x8681</load_address>
         <run_address>0x8681</run_address>
         <size>0x8b1</size>
         <input_file_ref idref="fl-d3"/>
      </object_component>
      <object_component id="oc-2e4">
         <name>.debug_info</name>
         <load_address>0x8f32</load_address>
         <run_address>0x8f32</run_address>
         <size>0x21e</size>
         <input_file_ref idref="fl-d3"/>
      </object_component>
      <object_component id="oc-380">
         <name>.debug_info</name>
         <load_address>0x9150</load_address>
         <run_address>0x9150</run_address>
         <size>0x1b3</size>
         <input_file_ref idref="fl-d3"/>
      </object_component>
      <object_component id="oc-386">
         <name>.debug_info</name>
         <load_address>0x9303</load_address>
         <run_address>0x9303</run_address>
         <size>0x21b</size>
         <input_file_ref idref="fl-d3"/>
      </object_component>
      <object_component id="oc-2ef">
         <name>.debug_info</name>
         <load_address>0x951e</load_address>
         <run_address>0x951e</run_address>
         <size>0x3bb</size>
         <input_file_ref idref="fl-d3"/>
      </object_component>
      <object_component id="oc-38d">
         <name>.debug_info</name>
         <load_address>0x98d9</load_address>
         <run_address>0x98d9</run_address>
         <size>0x305</size>
         <input_file_ref idref="fl-d3"/>
      </object_component>
      <object_component id="oc-393">
         <name>.debug_info</name>
         <load_address>0x9bde</load_address>
         <run_address>0x9bde</run_address>
         <size>0x215</size>
         <input_file_ref idref="fl-d3"/>
      </object_component>
      <object_component id="oc-2f5">
         <name>.debug_info</name>
         <load_address>0x9df3</load_address>
         <run_address>0x9df3</run_address>
         <size>0x215</size>
         <input_file_ref idref="fl-d3"/>
      </object_component>
      <object_component id="oc-2fb">
         <name>.debug_info</name>
         <load_address>0xa008</load_address>
         <run_address>0xa008</run_address>
         <size>0x304</size>
         <input_file_ref idref="fl-d3"/>
      </object_component>
      <object_component id="oc-301">
         <name>.debug_info</name>
         <load_address>0xa30c</load_address>
         <run_address>0xa30c</run_address>
         <size>0x4b0</size>
         <input_file_ref idref="fl-d3"/>
      </object_component>
      <object_component id="oc-255">
         <name>.debug_info</name>
         <load_address>0xa7bc</load_address>
         <run_address>0xa7bc</run_address>
         <size>0x5d8</size>
         <input_file_ref idref="fl-d3"/>
      </object_component>
      <object_component id="oc-319">
         <name>.debug_info</name>
         <load_address>0xad94</load_address>
         <run_address>0xad94</run_address>
         <size>0x86</size>
         <input_file_ref idref="fl-d3"/>
      </object_component>
      <object_component id="oc-3bc">
         <name>.debug_info</name>
         <load_address>0xae1a</load_address>
         <run_address>0xae1a</run_address>
         <size>0x39</size>
         <input_file_ref idref="fl-d3"/>
      </object_component>
      <object_component id="oc-3fd">
         <name>.debug_info</name>
         <load_address>0xae53</load_address>
         <run_address>0xae53</run_address>
         <size>0xb6</size>
         <input_file_ref idref="fl-d3"/>
      </object_component>
      <object_component id="oc-3c1">
         <name>.debug_info</name>
         <load_address>0xaf09</load_address>
         <run_address>0xaf09</run_address>
         <size>0x46</size>
         <input_file_ref idref="fl-d3"/>
      </object_component>
      <object_component id="oc-31e">
         <name>.debug_info</name>
         <load_address>0xaf4f</load_address>
         <run_address>0xaf4f</run_address>
         <size>0x46</size>
         <input_file_ref idref="fl-d3"/>
      </object_component>
      <object_component id="oc-352">
         <name>.debug_info</name>
         <load_address>0xaf95</load_address>
         <run_address>0xaf95</run_address>
         <size>0x2b9</size>
         <input_file_ref idref="fl-d4"/>
      </object_component>
      <object_component id="oc-2df">
         <name>.debug_info</name>
         <load_address>0xb24e</load_address>
         <run_address>0xb24e</run_address>
         <size>0x17c</size>
         <input_file_ref idref="fl-d4"/>
      </object_component>
      <object_component id="oc-3ca">
         <name>.debug_info</name>
         <load_address>0xb3ca</load_address>
         <run_address>0xb3ca</run_address>
         <size>0xf9</size>
         <input_file_ref idref="fl-d5"/>
      </object_component>
      <object_component id="oc-34f">
         <name>.debug_info</name>
         <load_address>0xb4c3</load_address>
         <run_address>0xb4c3</run_address>
         <size>0x105</size>
         <input_file_ref idref="fl-d5"/>
      </object_component>
      <object_component id="oc-3d8">
         <name>.debug_info</name>
         <load_address>0xb5c8</load_address>
         <run_address>0xb5c8</run_address>
         <size>0x29b</size>
         <input_file_ref idref="fl-d6"/>
      </object_component>
      <object_component id="oc-36f">
         <name>.debug_info</name>
         <load_address>0xb863</load_address>
         <run_address>0xb863</run_address>
         <size>0x1cd</size>
         <input_file_ref idref="fl-d6"/>
      </object_component>
      <object_component id="oc-3ad">
         <name>.debug_info</name>
         <load_address>0xba30</load_address>
         <run_address>0xba30</run_address>
         <size>0x296</size>
         <input_file_ref idref="fl-d7"/>
      </object_component>
      <object_component id="oc-306">
         <name>.debug_info</name>
         <load_address>0xbcc6</load_address>
         <run_address>0xbcc6</run_address>
         <size>0x1b6</size>
         <input_file_ref idref="fl-d7"/>
      </object_component>
      <object_component id="oc-3ef">
         <name>.debug_info</name>
         <load_address>0xbe7c</load_address>
         <run_address>0xbe7c</run_address>
         <size>0x29a</size>
         <input_file_ref idref="fl-d8"/>
      </object_component>
      <object_component id="oc-3a7">
         <name>.debug_info</name>
         <load_address>0xc116</load_address>
         <run_address>0xc116</run_address>
         <size>0x268</size>
         <input_file_ref idref="fl-d8"/>
      </object_component>
      <object_component id="oc-3b4">
         <name>.debug_info</name>
         <load_address>0xc37e</load_address>
         <run_address>0xc37e</run_address>
         <size>0x28f</size>
         <input_file_ref idref="fl-d9"/>
      </object_component>
      <object_component id="oc-30d">
         <name>.debug_info</name>
         <load_address>0xc60d</load_address>
         <run_address>0xc60d</run_address>
         <size>0x15a</size>
         <input_file_ref idref="fl-d9"/>
      </object_component>
      <object_component id="oc-3f2">
         <name>.debug_info</name>
         <load_address>0xc767</load_address>
         <run_address>0xc767</run_address>
         <size>0x46</size>
         <input_file_ref idref="fl-d9"/>
      </object_component>
      <object_component id="oc-3af">
         <name>.debug_info</name>
         <load_address>0xc7ad</load_address>
         <run_address>0xc7ad</run_address>
         <size>0x39</size>
         <input_file_ref idref="fl-d9"/>
      </object_component>
      <object_component id="oc-3e0">
         <name>.debug_info</name>
         <load_address>0xc7e6</load_address>
         <run_address>0xc7e6</run_address>
         <size>0x29a</size>
         <input_file_ref idref="fl-da"/>
      </object_component>
      <object_component id="oc-39a">
         <name>.debug_info</name>
         <load_address>0xca80</load_address>
         <run_address>0xca80</run_address>
         <size>0x195</size>
         <input_file_ref idref="fl-da"/>
      </object_component>
      <object_component id="oc-409">
         <name>.debug_info</name>
         <load_address>0xcc15</load_address>
         <run_address>0xcc15</run_address>
         <size>0x39</size>
         <input_file_ref idref="fl-da"/>
      </object_component>
      <object_component id="oc-3e1">
         <name>.debug_info</name>
         <load_address>0xcc4e</load_address>
         <run_address>0xcc4e</run_address>
         <size>0x2c</size>
         <input_file_ref idref="fl-da"/>
      </object_component>
      <object_component id="oc-3ed">
         <name>.debug_info</name>
         <load_address>0xcc7a</load_address>
         <run_address>0xcc7a</run_address>
         <size>0x2fd</size>
         <input_file_ref idref="fl-db"/>
      </object_component>
      <object_component id="oc-3a0">
         <name>.debug_info</name>
         <load_address>0xcf77</load_address>
         <run_address>0xcf77</run_address>
         <size>0x225</size>
         <input_file_ref idref="fl-db"/>
      </object_component>
      <object_component id="oc-37a">
         <name>.debug_info</name>
         <load_address>0xd19c</load_address>
         <run_address>0xd19c</run_address>
         <size>0x14f</size>
         <input_file_ref idref="fl-dc"/>
      </object_component>
      <object_component id="oc-2e9">
         <name>.debug_info</name>
         <load_address>0xd2eb</load_address>
         <run_address>0xd2eb</run_address>
         <size>0x12b</size>
         <input_file_ref idref="fl-dd"/>
      </object_component>
      <object_component id="oc-365">
         <name>.debug_info</name>
         <load_address>0xd416</load_address>
         <run_address>0xd416</run_address>
         <size>0x12d</size>
         <input_file_ref idref="fl-dd"/>
      </object_component>
      <object_component id="oc-360">
         <name>.debug_info</name>
         <load_address>0xd543</load_address>
         <run_address>0xd543</run_address>
         <size>0x13d</size>
         <input_file_ref idref="fl-de"/>
      </object_component>
      <object_component id="oc-35d">
         <name>.debug_info</name>
         <load_address>0xd680</load_address>
         <run_address>0xd680</run_address>
         <size>0x13d</size>
         <input_file_ref idref="fl-df"/>
      </object_component>
      <object_component id="oc-36a">
         <name>.debug_info</name>
         <load_address>0xd7bd</load_address>
         <run_address>0xd7bd</run_address>
         <size>0x131</size>
         <input_file_ref idref="fl-e0"/>
      </object_component>
      <object_component id="oc-377">
         <name>.debug_info</name>
         <load_address>0xd8ee</load_address>
         <run_address>0xd8ee</run_address>
         <size>0x12f</size>
         <input_file_ref idref="fl-e1"/>
      </object_component>
      <object_component id="oc-354">
         <name>.debug_info</name>
         <load_address>0xda1d</load_address>
         <run_address>0xda1d</run_address>
         <size>0x137</size>
         <input_file_ref idref="fl-e2"/>
      </object_component>
      <object_component id="oc-3b9">
         <name>.debug_info</name>
         <load_address>0xdb54</load_address>
         <run_address>0xdb54</run_address>
         <size>0x289</size>
         <input_file_ref idref="fl-e3"/>
      </object_component>
      <object_component id="oc-3b6">
         <name>.debug_info</name>
         <load_address>0xdddd</load_address>
         <run_address>0xdddd</run_address>
         <size>0x10e</size>
         <input_file_ref idref="fl-e3"/>
      </object_component>
      <object_component id="oc-314">
         <name>.debug_info</name>
         <load_address>0xdeeb</load_address>
         <run_address>0xdeeb</run_address>
         <size>0x14e</size>
         <input_file_ref idref="fl-e3"/>
      </object_component>
      <object_component id="oc-3ea">
         <name>.debug_info</name>
         <load_address>0xe039</load_address>
         <run_address>0xe039</run_address>
         <size>0x161</size>
         <input_file_ref idref="fl-e4"/>
      </object_component>
      <object_component id="oc-3ce">
         <name>.debug_info</name>
         <load_address>0xe19a</load_address>
         <run_address>0xe19a</run_address>
         <size>0x118</size>
         <input_file_ref idref="fl-e5"/>
      </object_component>
      <object_component id="oc-235">
         <name>.debug_info</name>
         <load_address>0xe2b2</load_address>
         <run_address>0xe2b2</run_address>
         <size>0x17a</size>
         <input_file_ref idref="fl-e6"/>
      </object_component>
      <object_component id="oc-229">
         <name>.debug_info</name>
         <load_address>0xe42c</load_address>
         <run_address>0xe42c</run_address>
         <size>0x1aa</size>
         <input_file_ref idref="fl-e6"/>
      </object_component>
      <object_component id="oc-1f7">
         <name>.debug_info</name>
         <load_address>0xe5d6</load_address>
         <run_address>0xe5d6</run_address>
         <size>0x1e9</size>
         <input_file_ref idref="fl-e6"/>
      </object_component>
      <object_component id="oc-133">
         <name>.debug_info</name>
         <load_address>0xe7bf</load_address>
         <run_address>0xe7bf</run_address>
         <size>0x1f4</size>
         <input_file_ref idref="fl-e6"/>
      </object_component>
      <object_component id="oc-14b">
         <name>.debug_info</name>
         <load_address>0xe9b3</load_address>
         <run_address>0xe9b3</run_address>
         <size>0x1cb</size>
         <input_file_ref idref="fl-e6"/>
      </object_component>
      <object_component id="oc-145">
         <name>.debug_info</name>
         <load_address>0xeb7e</load_address>
         <run_address>0xeb7e</run_address>
         <size>0x1c9</size>
         <input_file_ref idref="fl-e6"/>
      </object_component>
      <object_component id="oc-13f">
         <name>.debug_info</name>
         <load_address>0xed47</load_address>
         <run_address>0xed47</run_address>
         <size>0x214</size>
         <input_file_ref idref="fl-e6"/>
      </object_component>
      <object_component id="oc-ca">
         <name>.debug_info</name>
         <load_address>0xef5b</load_address>
         <run_address>0xef5b</run_address>
         <size>0x1bb</size>
         <input_file_ref idref="fl-e6"/>
      </object_component>
      <object_component id="oc-151">
         <name>.debug_info</name>
         <load_address>0xf116</load_address>
         <run_address>0xf116</run_address>
         <size>0x1e0</size>
         <input_file_ref idref="fl-e6"/>
      </object_component>
      <object_component id="oc-29b">
         <name>.debug_info</name>
         <load_address>0xf2f6</load_address>
         <run_address>0xf2f6</run_address>
         <size>0x19b</size>
         <input_file_ref idref="fl-e7"/>
      </object_component>
      <object_component id="oc-1c2">
         <name>.debug_info</name>
         <load_address>0xf491</load_address>
         <run_address>0xf491</run_address>
         <size>0x19e</size>
         <input_file_ref idref="fl-e7"/>
      </object_component>
      <object_component id="oc-225">
         <name>.debug_info</name>
         <load_address>0xf62f</load_address>
         <run_address>0xf62f</run_address>
         <size>0xf0</size>
         <input_file_ref idref="fl-e7"/>
      </object_component>
      <object_component id="oc-dc">
         <name>.debug_info</name>
         <load_address>0xf71f</load_address>
         <run_address>0xf71f</run_address>
         <size>0x188</size>
         <input_file_ref idref="fl-e7"/>
      </object_component>
      <object_component id="oc-d6">
         <name>.debug_info</name>
         <load_address>0xf8a7</load_address>
         <run_address>0xf8a7</run_address>
         <size>0x1ba</size>
         <input_file_ref idref="fl-e7"/>
      </object_component>
      <object_component id="oc-22f">
         <name>.debug_info</name>
         <load_address>0xfa61</load_address>
         <run_address>0xfa61</run_address>
         <size>0x204</size>
         <input_file_ref idref="fl-e7"/>
      </object_component>
      <object_component id="oc-139">
         <name>.debug_info</name>
         <load_address>0xfc65</load_address>
         <run_address>0xfc65</run_address>
         <size>0x206</size>
         <input_file_ref idref="fl-e7"/>
      </object_component>
      <object_component id="oc-e2">
         <name>.debug_info</name>
         <load_address>0xfe6b</load_address>
         <run_address>0xfe6b</run_address>
         <size>0x1ab</size>
         <input_file_ref idref="fl-e7"/>
      </object_component>
      <object_component id="oc-33d">
         <name>.debug_info</name>
         <load_address>0x10016</load_address>
         <run_address>0x10016</run_address>
         <size>0xe8</size>
         <input_file_ref idref="fl-e8"/>
      </object_component>
      <object_component id="oc-2a7">
         <name>.debug_info</name>
         <load_address>0x100fe</load_address>
         <run_address>0x100fe</run_address>
         <size>0xf6</size>
         <input_file_ref idref="fl-e8"/>
      </object_component>
      <object_component id="oc-1ec">
         <name>.debug_info</name>
         <load_address>0x101f4</load_address>
         <run_address>0x101f4</run_address>
         <size>0x1cb</size>
         <input_file_ref idref="fl-e8"/>
      </object_component>
      <object_component id="oc-2ac">
         <name>.debug_info</name>
         <load_address>0x103bf</load_address>
         <run_address>0x103bf</run_address>
         <size>0x219</size>
         <input_file_ref idref="fl-e8"/>
      </object_component>
      <object_component id="oc-1fe">
         <name>.debug_info</name>
         <load_address>0x105d8</load_address>
         <run_address>0x105d8</run_address>
         <size>0x1e0</size>
         <input_file_ref idref="fl-e8"/>
      </object_component>
      <object_component id="oc-1f2">
         <name>.debug_info</name>
         <load_address>0x107b8</load_address>
         <run_address>0x107b8</run_address>
         <size>0x22e</size>
         <input_file_ref idref="fl-e8"/>
      </object_component>
      <object_component id="oc-2a4">
         <name>.debug_info</name>
         <load_address>0x109e6</load_address>
         <run_address>0x109e6</run_address>
         <size>0x1f8</size>
         <input_file_ref idref="fl-e9"/>
      </object_component>
      <object_component id="oc-2a0">
         <name>.debug_info</name>
         <load_address>0x10bde</load_address>
         <run_address>0x10bde</run_address>
         <size>0xff</size>
         <input_file_ref idref="fl-e9"/>
      </object_component>
      <object_component id="oc-1c6">
         <name>.debug_info</name>
         <load_address>0x10cdd</load_address>
         <run_address>0x10cdd</run_address>
         <size>0x1b2</size>
         <input_file_ref idref="fl-e9"/>
      </object_component>
      <object_component id="oc-1d8">
         <name>.debug_info</name>
         <load_address>0x10e8f</load_address>
         <run_address>0x10e8f</run_address>
         <size>0x1f7</size>
         <input_file_ref idref="fl-e9"/>
      </object_component>
      <object_component id="oc-1e4">
         <name>.debug_info</name>
         <load_address>0x11086</load_address>
         <run_address>0x11086</run_address>
         <size>0x1f9</size>
         <input_file_ref idref="fl-e9"/>
      </object_component>
      <object_component id="oc-164">
         <name>.debug_info</name>
         <load_address>0x1127f</load_address>
         <run_address>0x1127f</run_address>
         <size>0x222</size>
         <input_file_ref idref="fl-e9"/>
      </object_component>
      <object_component id="oc-1de">
         <name>.debug_info</name>
         <load_address>0x114a1</load_address>
         <run_address>0x114a1</run_address>
         <size>0x1cc</size>
         <input_file_ref idref="fl-e9"/>
      </object_component>
      <object_component id="oc-e8">
         <name>.debug_info</name>
         <load_address>0x1166d</load_address>
         <run_address>0x1166d</run_address>
         <size>0x28f</size>
         <input_file_ref idref="fl-e9"/>
      </object_component>
      <object_component id="oc-1cc">
         <name>.debug_info</name>
         <load_address>0x118fc</load_address>
         <run_address>0x118fc</run_address>
         <size>0x1cb</size>
         <input_file_ref idref="fl-e9"/>
      </object_component>
      <object_component id="oc-1d2">
         <name>.debug_info</name>
         <load_address>0x11ac7</load_address>
         <run_address>0x11ac7</run_address>
         <size>0x1e0</size>
         <input_file_ref idref="fl-e9"/>
      </object_component>
      <object_component id="oc-16a">
         <name>.debug_info</name>
         <load_address>0x11ca7</load_address>
         <run_address>0x11ca7</run_address>
         <size>0x268</size>
         <input_file_ref idref="fl-ea"/>
      </object_component>
      <object_component id="oc-24c">
         <name>.debug_info</name>
         <load_address>0x11f0f</load_address>
         <run_address>0x11f0f</run_address>
         <size>0x18a</size>
         <input_file_ref idref="fl-ea"/>
      </object_component>
      <object_component id="oc-246">
         <name>.debug_info</name>
         <load_address>0x12099</load_address>
         <run_address>0x12099</run_address>
         <size>0x18c</size>
         <input_file_ref idref="fl-ea"/>
      </object_component>
      <object_component id="oc-17c">
         <name>.debug_info</name>
[...]
         <name>__TI_pprof_out_hndl</name>
         <value>0xffffffff</value>
      </symbol>
      <symbol id="sm-c">
         <name>__TI_prof_data_start</name>
         <value>0xffffffff</value>
      </symbol>
      <symbol id="sm-d">
         <name>__TI_prof_data_size</name>
         <value>0xffffffff</value>
      </symbol>
      <symbol id="sm-94">
         <name>g_ucLED1Pin</name>
         <value>0x2001d83c</value>
      </symbol>
      <symbol id="sm-95">
         <name>g_ucLED2Pin</name>
         <value>0x2001d83d</value>
      </symbol>
      <symbol id="sm-96">
         <name>g_ucLED3Pin</name>
         <value>0x2001d83e</value>
      </symbol>
      <symbol id="sm-97">
         <name>g_uiLED3Port</name>
         <value>0x2001d828</value>
         <object_component_ref idref="oc-156"/>
      </symbol>
      <symbol id="sm-98">
         <name>GPIO_IF_Set</name>
         <value>0x20005169</value>
         <object_component_ref idref="oc-c2"/>
      </symbol>
      <symbol id="sm-99">
         <name>GPIO_IF_LedOn</name>
         <value>0x20004edb</value>
         <object_component_ref idref="oc-c2"/>
      </symbol>
      <symbol id="sm-9a">
         <name>GPIO_IF_GetPortNPin</name>
         <value>0x200050db</value>
         <object_component_ref idref="oc-c2"/>
      </symbol>
      <symbol id="sm-9b">
         <name>GPIO_IF_LedStatus</name>
         <value>0x20005043</value>
         <object_component_ref idref="oc-c2"/>
      </symbol>
      <symbol id="sm-9c">
         <name>g_uiLED1Port</name>
         <value>0x2001d820</value>
         <object_component_ref idref="oc-156"/>
      </symbol>
      <symbol id="sm-9d">
         <name>GPIO_IF_LedConfigure</name>
         <value>0x20004e9d</value>
         <object_component_ref idref="oc-c2"/>
      </symbol>
      <symbol id="sm-9e">
         <name>GPIO_IF_Get</name>
         <value>0x200051ad</value>
         <object_component_ref idref="oc-c2"/>
      </symbol>
      <symbol id="sm-9f">
         <name>GPIO_IF_LedToggle</name>
         <value>0x200050ad</value>
         <object_component_ref idref="oc-c2"/>
      </symbol>
      <symbol id="sm-a0">
         <name>GPIO_IF_ConfigureNIntEnable</name>
         <value>0x20005121</value>
         <object_component_ref idref="oc-c2"/>
      </symbol>
      <symbol id="sm-a1">
         <name>GPIO_IF_LedOff</name>
         <value>0x20004f8f</value>
         <object_component_ref idref="oc-c2"/>
      </symbol>
      <symbol id="sm-a2">
         <name>g_uiLED2Port</name>
         <value>0x2001d824</value>
         <object_component_ref idref="oc-156"/>
      </symbol>
      <symbol id="sm-b0">
         <name>PinMuxConfig</name>
         <value>0x2000605d</value>
         <object_component_ref idref="oc-ed"/>
      </symbol>
      <symbol id="sm-d9">
         <name>sw3pushed</name>
         <value>0x2000524d</value>
         <object_component_ref idref="oc-94"/>
      </symbol>
      <symbol id="sm-da">
         <name>start</name>
         <value>0x2000532d</value>
         <object_component_ref idref="oc-94"/>
      </symbol>
      <symbol id="sm-db">
         <name>main</name>
         <value>0x20005363</value>
         <object_component_ref idref="oc-94"/>
      </symbol>
      <symbol id="sm-dc">
         <name>sw2pushed</name>
         <value>0x200051f9</value>
         <object_component_ref idref="oc-94"/>
      </symbol>
      <symbol id="sm-fc">
         <name>ResetISR</name>
         <value>0x200077ff</value>
         <object_component_ref idref="oc-26"/>
      </symbol>
      <symbol id="sm-fd">
         <name>g_pfnVectors</name>
         <value>0x20004000</value>
         <object_component_ref idref="oc-f"/>
      </symbol>
      <symbol id="sm-13f">
         <name>GetCmd</name>
         <value>0x200055b3</value>
         <object_component_ref idref="oc-cf"/>
      </symbol>
      <symbol id="sm-140">
         <name>Message</name>
         <value>0x2000554f</value>
         <object_component_ref idref="oc-cf"/>
      </symbol>
      <symbol id="sm-141">
         <name>Report</name>
         <value>0x200056f1</value>
         <object_component_ref idref="oc-cf"/>
      </symbol>
      <symbol id="sm-142">
         <name>Error</name>
         <value>0x2000557b</value>
         <object_component_ref idref="oc-cf"/>
      </symbol>
      <symbol id="sm-143">
         <name>InitTerm</name>
         <value>0x20005531</value>
         <object_component_ref idref="oc-cf"/>
      </symbol>
      <symbol id="sm-144">
         <name>ClearTerm</name>
         <value>0x20005571</value>
         <object_component_ref idref="oc-cf"/>
      </symbol>
      <symbol id="sm-145">
         <name>TrimSpace</name>
         <value>0x20005659</value>
         <object_component_ref idref="oc-cf"/>
      </symbol>
      <symbol id="sm-15e">
         <name>__TI_zero_init_nomemset</name>
         <value>0x200077cd</value>
         <object_component_ref idref="oc-46"/>
      </symbol>
      <symbol id="sm-175">
         <name>__TI_decompress_none</name>
         <value>0x200077f1</value>
         <object_component_ref idref="oc-18"/>
      </symbol>
      <symbol id="sm-198">
         <name>__TI_decompress_lzss</name>
         <value>0x20006ef9</value>
         <object_component_ref idref="oc-12"/>
      </symbol>
      <symbol id="sm-1ab">
         <name>__stack</name>
         <value>0x2003f800</value>
         <object_component_ref idref="oc-20"/>
      </symbol>
      <symbol id="sm-1ac">
         <name>_c_int00_noargs</name>
         <value>0x200073c9</value>
         <object_component_ref idref="oc-58"/>
      </symbol>
      <symbol id="sm-1b7">
         <name>C$$EXIT</name>
         <value>0x2000782b</value>
         <object_component_ref idref="oc-f4"/>
      </symbol>
      <symbol id="sm-1b8">
         <name>abort</name>
         <value>0x2000782b</value>
         <object_component_ref idref="oc-f4"/>
      </symbol>
      <symbol id="sm-24e">
         <name>_sys_memory</name>
         <value>0x2001d000</value>
         <object_component_ref idref="oc-23"/>
      </symbol>
      <symbol id="sm-24f">
         <name>free</name>
         <value>0x20006711</value>
         <object_component_ref idref="oc-19f"/>
      </symbol>
      <symbol id="sm-250">
         <name>realloc</name>
         <value>0x200063f1</value>
         <object_component_ref idref="oc-199"/>
      </symbol>
      <symbol id="sm-251">
         <name>malloc</name>
         <value>0x20006d9d</value>
         <object_component_ref idref="oc-193"/>
      </symbol>
      <symbol id="sm-252">
         <name>minit</name>
         <value>0x20007401</value>
         <object_component_ref idref="oc-277"/>
      </symbol>
      <symbol id="sm-267">
         <name>_nop</name>
         <value>0x20004e5f</value>
         <object_component_ref idref="oc-2b5"/>
      </symbol>
      <symbol id="sm-268">
         <name>_lock</name>
         <value>0x2001d82c</value>
         <object_component_ref idref="oc-207"/>
      </symbol>
      <symbol id="sm-269">
         <name>_unlock</name>
         <value>0x2001d830</value>
         <object_component_ref idref="oc-207"/>
      </symbol>
      <symbol id="sm-27a">
         <name>memmove</name>
         <value>0x200075d1</value>
         <object_component_ref idref="oc-18d"/>
      </symbol>
      <symbol id="sm-288">
         <name>strlen</name>
         <value>0x200077b9</value>
         <object_component_ref idref="oc-187"/>
      </symbol>
      <symbol id="sm-2b7">
         <name>vsnprintf</name>
         <value>0x200072d1</value>
         <object_component_ref idref="oc-175"/>
      </symbol>
      <symbol id="sm-2d2">
         <name>memcpy</name>
         <value>0x20006945</value>
         <object_component_ref idref="oc-3a"/>
      </symbol>
      <symbol id="sm-2d3">
         <name>__aeabi_memcpy</name>
         <value>0x20006945</value>
         <object_component_ref idref="oc-3a"/>
      </symbol>
      <symbol id="sm-2d4">
         <name>__aeabi_memcpy8</name>
         <value>0x20006945</value>
         <object_component_ref idref="oc-3a"/>
      </symbol>
      <symbol id="sm-2d5">
         <name>__aeabi_memcpy4</name>
         <value>0x20006945</value>
         <object_component_ref idref="oc-3a"/>
      </symbol>
      <symbol id="sm-2e4">
         <name>__aeabi_memset</name>
         <value>0x20006d25</value>
         <object_component_ref idref="oc-88"/>
      </symbol>
      <symbol id="sm-2e5">
         <name>memset</name>
         <value>0x20006d2b</value>
         <object_component_ref idref="oc-88"/>
      </symbol>
      <symbol id="sm-2e6">
         <name>__aeabi_memset8</name>
         <value>0x20006d25</value>
         <object_component_ref idref="oc-88"/>
      </symbol>
      <symbol id="sm-2e7">
         <name>__aeabi_memset4</name>
         <value>0x20006d25</value>
         <object_component_ref idref="oc-88"/>
      </symbol>
      <symbol id="sm-2e8">
         <name>__aeabi_memclr8</name>
         <value>0x20006d23</value>
         <object_component_ref idref="oc-88"/>
      </symbol>
      <symbol id="sm-2e9">
         <name>__aeabi_memclr4</name>
         <value>0x20006d23</value>
         <object_component_ref idref="oc-88"/>
      </symbol>
      <symbol id="sm-2ea">
         <name>__aeabi_memclr</name>
         <value>0x20006d23</value>
         <object_component_ref idref="oc-88"/>
      </symbol>
      <symbol id="sm-312">
         <name>__TI_auto_init_nobinit_nopinit</name>
         <value>0x2000724d</value>
         <object_component_ref idref="oc-100"/>
      </symbol>
      <symbol id="sm-31c">
         <name>_system_pre_init</name>
         <value>0x20007827</value>
         <object_component_ref idref="oc-8e"/>
      </symbol>
      <symbol id="sm-482">
         <name>__TI_printfi</name>
         <value>0x20004401</value>
         <object_component_ref idref="oc-253"/>
      </symbol>
      <symbol id="sm-498">
         <name>atoi</name>
         <value>0x20007171</value>
         <object_component_ref idref="oc-2dc"/>
      </symbol>
      <symbol id="sm-4a3">
         <name>_ctypes_</name>
         <value>0x20007830</value>
         <object_component_ref idref="oc-34e"/>
      </symbol>
      <symbol id="sm-4b2">
         <name>ltoa</name>
         <value>0x200070c9</value>
         <object_component_ref idref="oc-36e"/>
      </symbol>
      <symbol id="sm-4c2">
         <name>memccpy</name>
         <value>0x2000768d</value>
         <object_component_ref idref="oc-305"/>
      </symbol>
      <symbol id="sm-4d2">
         <name>strchr</name>
         <value>0x20007751</value>
         <object_component_ref idref="oc-3a5"/>
      </symbol>
      <symbol id="sm-4eb">
         <name>wcslen</name>
         <value>0x200077df</value>
         <object_component_ref idref="oc-30b"/>
      </symbol>
      <symbol id="sm-50b">
         <name>frexpl</name>
         <value>0x20006f61</value>
         <object_component_ref idref="oc-399"/>
      </symbol>
      <symbol id="sm-50c">
         <name>frexp</name>
         <value>0x20006f61</value>
         <object_component_ref idref="oc-399"/>
      </symbol>
      <symbol id="sm-529">
         <name>scalbn</name>
         <value>0x20006505</value>
         <object_component_ref idref="oc-39f"/>
      </symbol>
      <symbol id="sm-52a">
         <name>scalbnl</name>
         <value>0x20006505</value>
         <object_component_ref idref="oc-39f"/>
      </symbol>
      <symbol id="sm-52b">
         <name>ldexpl</name>
         <value>0x20006505</value>
         <object_component_ref idref="oc-39f"/>
      </symbol>
      <symbol id="sm-52c">
         <name>ldexp</name>
         <value>0x20006505</value>
         <object_component_ref idref="oc-39f"/>
      </symbol>
      <symbol id="sm-543">
         <name>__aeabi_dsub</name>
         <value>0x20005bf1</value>
         <object_component_ref idref="oc-379"/>
      </symbol>
      <symbol id="sm-544">
         <name>__aeabi_dadd</name>
         <value>0x20005bfb</value>
         <object_component_ref idref="oc-379"/>
      </symbol>
      <symbol id="sm-566">
         <name>__aeabi_cdcmpeq</name>
         <value>0x20006b95</value>
         <object_component_ref idref="oc-2e8"/>
      </symbol>
      <symbol id="sm-567">
         <name>__aeabi_cdcmple</name>
         <value>0x20006b95</value>
         <object_component_ref idref="oc-2e8"/>
      </symbol>
      <symbol id="sm-568">
         <name>__aeabi_cdrcmple</name>
         <value>0x20006c1b</value>
         <object_component_ref idref="oc-364"/>
      </symbol>
      <symbol id="sm-57c">
         <name>__aeabi_ddiv</name>
         <value>0x20006195</value>
         <object_component_ref idref="oc-35f"/>
      </symbol>
      <symbol id="sm-587">
         <name>__aeabi_dmul</name>
         <value>0x20006615</value>
         <object_component_ref idref="oc-35a"/>
      </symbol>
      <symbol id="sm-591">
         <name>__aeabi_d2iz</name>
         <value>0x20007205</value>
         <object_component_ref idref="oc-369"/>
      </symbol>
      <symbol id="sm-59b">
         <name>__aeabi_i2d</name>
         <value>0x20007501</value>
         <object_component_ref idref="oc-374"/>
      </symbol>
      <symbol id="sm-5a8">
         <name>__aeabi_uldivmod</name>
         <value>0x200069e1</value>
         <object_component_ref idref="oc-353"/>
      </symbol>
      <symbol id="sm-5be">
         <name>__aeabi_errno_addr</name>
         <value>0x20007819</value>
         <object_component_ref idref="oc-311"/>
      </symbol>
      <symbol id="sm-5bf">
         <name>errno</name>
         <value>0x2001d834</value>
         <object_component_ref idref="oc-3b5"/>
      </symbol>
      <symbol id="sm-5c9">
         <name>copysign</name>
         <value>0x200077a5</value>
         <object_component_ref idref="oc-3e6"/>
      </symbol>
      <symbol id="sm-5ca">
         <name>copysignl</name>
         <value>0x200077a5</value>
         <object_component_ref idref="oc-3e6"/>
      </symbol>
      <symbol id="sm-5d4">
         <name>__aeabi_idiv0</name>
         <value>0x20005da7</value>
         <object_component_ref idref="oc-3cd"/>
      </symbol>
      <symbol id="sm-5d5">
         <name>__aeabi_ldiv0</name>
         <value>0x20005da7</value>
         <object_component_ref idref="oc-3cd"/>
      </symbol>
      <symbol id="sm-62b">
         <name>GPIOIntRegister</name>
         <value>0x20007635</value>
         <object_component_ref idref="oc-13e"/>
      </symbol>
      <symbol id="sm-62c">
         <name>GPIOIntEnable</name>
         <value>0x200076a9</value>
         <object_component_ref idref="oc-14a"/>
      </symbol>
      <symbol id="sm-62d">
         <name>GPIOIntTypeSet</name>
         <value>0x20006ca1</value>
         <object_component_ref idref="oc-132"/>
      </symbol>
      <symbol id="sm-62e">
         <name>GPIOIntClear</name>
         <value>0x2000777b</value>
         <object_component_ref idref="oc-144"/>
      </symbol>
      <symbol id="sm-62f">
         <name>GPIOPinRead</name>
         <value>0x200076dd</value>
         <object_component_ref idref="oc-c9"/>
      </symbol>
      <symbol id="sm-630">
         <name>GPIODirModeSet</name>
         <value>0x20007439</value>
         <object_component_ref idref="oc-1f6"/>
      </symbol>
      <symbol id="sm-631">
         <name>GPIOPinWrite</name>
         <value>0x200075f5</value>
         <object_component_ref idref="oc-150"/>
      </symbol>
      <symbol id="sm-683">
         <name>IntPrioritySet</name>
         <value>0x20007075</value>
         <object_component_ref idref="oc-138"/>
      </symbol>
      <symbol id="sm-684">
         <name>IntVTableBaseSet</name>
         <value>0x20007791</value>
         <object_component_ref idref="oc-d5"/>
      </symbol>
      <symbol id="sm-685">
         <name>IntEnable</name>
         <value>0x2000689d</value>
         <object_component_ref idref="oc-e1"/>
      </symbol>
      <symbol id="sm-686">
         <name>IntRegister</name>
         <value>0x20007615</value>
         <object_component_ref idref="oc-22e"/>
      </symbol>
      <symbol id="sm-687">
         <name>IntMasterEnable</name>
         <value>0x2000780d</value>
         <object_component_ref idref="oc-db"/>
      </symbol>
      <symbol id="sm-6be">
         <name>PinTypeUART</name>
         <value>0x200076c3</value>
         <object_component_ref idref="oc-1fc"/>
      </symbol>
      <symbol id="sm-6bf">
         <name>PinTypeGPIO</name>
         <value>0x2000746f</value>
         <object_component_ref idref="oc-1f0"/>
      </symbol>
      <symbol id="sm-6c0">
         <name>PinConfigSet</name>
         <value>0x20006b0d</value>
         <object_component_ref idref="oc-2aa"/>
      </symbol>
      <symbol id="sm-6c1">
         <name>PinModeSet</name>
         <value>0x20007291</value>
         <object_component_ref idref="oc-1ea"/>
      </symbol>
      <symbol id="sm-747">
         <name>PRCMPeripheralReset</name>
         <value>0x20006fc5</value>
         <object_component_ref idref="oc-1dd"/>
      </symbol>
      <symbol id="sm-748">
         <name>PRCMPeripheralClkEnable</name>
         <value>0x20007351</value>
         <object_component_ref idref="oc-1d7"/>
      </symbol>
      <symbol id="sm-749">
         <name>PRCMPeripheralClockGet</name>
         <value>0x20006a79</value>
         <object_component_ref idref="oc-163"/>
      </symbol>
      <symbol id="sm-74a">
         <name>PRCMCC3200MCUInit</name>
         <value>0x20005da9</value>
         <object_component_ref idref="oc-e7"/>
      </symbol>
      <symbol id="sm-74b">
         <name>PRCMHIBRegWrite</name>
         <value>0x2000773b</value>
         <object_component_ref idref="oc-1d1"/>
      </symbol>
      <symbol id="sm-74c">
         <name>PRCMSysResetCauseGet</name>
         <value>0x20007531</value>
         <object_component_ref idref="oc-1c5"/>
      </symbol>
      <symbol id="sm-74d">
         <name>PRCMPeripheralClkDisable</name>
         <value>0x2000755d</value>
         <object_component_ref idref="oc-1e3"/>
      </symbol>
      <symbol id="sm-74e">
         <name>PRCMHIBRegRead</name>
         <value>0x20007725</value>
         <object_component_ref idref="oc-1cb"/>
      </symbol>
      <symbol id="sm-78a">
         <name>UARTConfigSetExpClk</name>
         <value>0x20006e15</value>
         <object_component_ref idref="oc-169"/>
      </symbol>
      <symbol id="sm-78b">
         <name>UARTDisable</name>
         <value>0x200074a1</value>
         <object_component_ref idref="oc-245"/>
      </symbol>
      <symbol id="sm-78c">
         <name>UARTCharsAvail</name>
         <value>0x200076f5</value>
         <object_component_ref idref="oc-17b"/>
      </symbol>
      <symbol id="sm-78d">
         <name>UARTCharGetNonBlocking</name>
         <value>0x20007671</value>
         <object_component_ref idref="oc-181"/>
      </symbol>
      <symbol id="sm-78e">
         <name>UARTCharPut</name>
         <value>0x20007653</value>
         <object_component_ref idref="oc-16f"/>
      </symbol>
      <symbol id="sm-78f">
         <name>UARTEnable</name>
         <value>0x200075ad</value>
         <object_component_ref idref="oc-24b"/>
      </symbol>
      <symbol id="sm-793">
         <name>UtilsDelay</name>
         <value>0x20007821</value>
         <object_component_ref idref="oc-c8"/>
      </symbol>
      <symbol id="sm-79d">
         <name>CPUcpsie</name>
         <value>0x20007767</value>
         <object_component_ref idref="oc-1b5"/>
      </symbol>
      <symbol id="sm-79f">
         <name>__TI_static_base__</name>
         <value>0x20007c30</value>
      </symbol>
      <symbol id="sm-7a2">
         <name>__mpu_init</name>
         <value>0x0</value>
      </symbol>
      <symbol id="sm-7a3">
         <name>_system_post_cinit</name>
         <value>0x0</value>
      </symbol>
   </symbol_table>
   <title>Link errors: red sections failed placement</title>
</link_info>
