******************************************************************************
                  TI ARM Linker PC v18.1.4                     
******************************************************************************
>> Linked Wed Jan  9 22:11:25 2019

OUTPUT FILE NAME:   <blinky.out>
ENTRY POINT SYMBOL: "_c_int00_noargs"  address: 200073c9


MEMORY CONFIGURATION

         name            origin    length      used     unused   attr    fill
----------------------  --------  ---------  --------  --------  ----  --------
  SRAM_CODE             20004000   00019000  00003c76  0001538a  RW X
  SRAM_DATA             2001d000   00023000  0000103f  00021fc1  RW X


SEGMENT ALLOCATION MAP

run origin  load origin   length   init length attrs members
----------  ----------- ---------- ----------- ----- -------
20004000    20004000    00003c78   00003c78    r-x
  20004000    20004000    00000400   00000400    r-- .intvecs
  20004400    20004400    0000342e   0000342e    r-x .text
  20007830    20007830    00000400   00000400    r-- .const
  20007c30    20007c30    00000048   00000048    r-- .cinit
2001d000    2001d000    0000083f   00000000    rw-
  2001d000    2001d000    00000800   00000000    rw- .sysmem
  2001d800    2001d800    00000038   00000000    rw- .data
  2001d838    2001d838    00000007   00000000    rw- .bss
2003f800    2003f800    00000800   00000000    rw-
  2003f800    2003f800    00000800   00000000    rw- .stack


SECTION ALLOCATION MAP

 output                                  attributes/
section   page    origin      length       input sections
--------  ----  ----------  ----------   ----------------
.intvecs   0    20004000    00000400     
                  20004000    00000400     startup_ccs.obj (.intvecs)

.init_array 
*          0    20004000    00000000     UNINITIALIZED

.text      0    20004400    0000342e     
                  20004400    00000a5e     rtsv7M4_T_le_v4SPD16_eabi.lib : _printfi.c.obj (.text:__TI_printfi)
                  20004e5e    00000002                                   : _lock.c.obj (.text:_nop)
                  20004e60    00000398     gpio_if.obj (.text)
                  200051f8    00000338     main.obj (.text)
                  20005530    00000280     uart_if.obj (.text)
                  200057b0    00000270     rtsv7M4_T_le_v4SPD16_eabi.lib : _printfi.c.obj (.text:_pconv_a)
                  20005a20    000001d0                                   : _printfi.c.obj (.text:_pconv_g)
                  20005bf0    000001b6                                   : fd_add_t2.asm.obj (.text)
                  20005da6    00000002                                   : div0.asm.obj (.text)
                  20005da8    00000178     driverlib.a : prcm.obj (.text:PRCMCC3200MCUInit)
                  20005f20    0000013c     rtsv7M4_T_le_v4SPD16_eabi.lib : _printfi.c.obj (.text:_pconv_e)
                  2000605c    00000138     pin_mux_config.obj (.text)
                  20006194    00000136     rtsv7M4_T_le_v4SPD16_eabi.lib : fd_div_t2.asm.obj (.text)
                  200062ca    00000002     --HOLE-- [fill = 0]
                  200062cc    00000124                                   : _printfi.c.obj (.text:fcvt)
                  200063f0    00000114                                   : memory.c.obj (.text:realloc)
                  20006504    00000110                                   : s_scalbn.c.obj (.text:scalbn)
                  20006614    000000fc                                   : fd_mul_t2.asm.obj (.text)
                  20006710    000000d8                                   : memory.c.obj (.text:free)
                  200067e8    000000b1                                   : _printfi.c.obj (.text:_ltostr)
                  20006899    00000003     --HOLE-- [fill = 0]
                  2000689c    000000a8     driverlib.a : interrupt.obj (.text:IntEnable)
                  20006944    0000009c     rtsv7M4_T_le_v4SPD16_eabi.lib : memcpy_t2.asm.obj (.text)
                  200069e0    00000096                                   : ull_div_t2.asm.obj (.text)
                  20006a76    00000002     --HOLE-- [fill = 0]
                  20006a78    00000094     driverlib.a : prcm.obj (.text:PRCMPeripheralClockGet)
                  20006b0c    00000088                 : pin.obj (.text:PinConfigSet)
                  20006b94    00000086     rtsv7M4_T_le_v4SPD16_eabi.lib : fd_cmp_t2.asm.obj (.text:__aeabi_cdcmple)
                  20006c1a    00000086                                   : fd_cmp_t2.asm.obj (.text:__aeabi_cdrcmple)
                  20006ca0    00000082     driverlib.a : gpio.obj (.text:GPIOIntTypeSet)
                  20006d22    0000007a     rtsv7M4_T_le_v4SPD16_eabi.lib : memset_t2.asm.obj (.text)
                  20006d9c    00000078                                   : memory.c.obj (.text:malloc)
                  20006e14    00000076     driverlib.a : uart.obj (.text:UARTConfigSetExpClk)
                  20006e8a    0000006e     rtsv7M4_T_le_v4SPD16_eabi.lib : _printfi.c.obj (.text:_mcpy)
                  20006ef8    00000068                                   : copy_decompress_lzss.c.obj (.text:decompress:lzss:__TI_decompress_lzss)
                  20006f60    00000064                                   : s_frexp.c.obj (.text:frexp)
                  20006fc4    00000058     driverlib.a : prcm.obj (.text:PRCMPeripheralReset)
                  2000701c    00000056     rtsv7M4_T_le_v4SPD16_eabi.lib : _printfi.c.obj (.text:_pconv_f)
                  20007072    00000002     --HOLE-- [fill = 0]
                  20007074    00000054     driverlib.a : interrupt.obj (.text:IntPrioritySet)
                  200070c8    00000054     rtsv7M4_T_le_v4SPD16_eabi.lib : ltoa.c.obj (.text:ltoa)
                  2000711c    00000052                                   : _printfi.c.obj (.text:_ecpy)
                  2000716e    00000002     --HOLE-- [fill = 0]
                  20007170    0000004c                                   : atoi.c.obj (.text:atoi)
                  200071bc    00000048     driverlib.a : gpio.obj (.text:GPIOGetIntNumber)
                  20007204    00000048     rtsv7M4_T_le_v4SPD16_eabi.lib : fd_toi_t2.asm.obj (.text)
                  2000724c    00000044                                   : autoinit.c.obj (.text:__TI_auto_init_nobinit_nopinit:__TI_auto_init_nobinit_nopinit)
                  20007290    00000040     driverlib.a : pin.obj (.text:PinModeSet)
                  200072d0    00000040     rtsv7M4_T_le_v4SPD16_eabi.lib : vsnprintf.c.obj (.text:vsnprintf)
                  20007310    0000003e                                   : _printfi.c.obj (.text:_fcpy)
                  2000734e    00000002     --HOLE-- [fill = 0]
                  20007350    0000003c     driverlib.a : prcm.obj (.text:PRCMPeripheralClkEnable)
                  2000738c    0000003c     rtsv7M4_T_le_v4SPD16_eabi.lib : memory.c.obj (.text:minsert)
                  200073c8    00000038                                   : boot_cortex_m.c.obj (.text:_c_int00_noargs:_c_int00_noargs)
                  20007400    00000038                                   : memory.c.obj (.text:minit)
                  20007438    00000036     driverlib.a : gpio.obj (.text:GPIODirModeSet)
                  2000746e    00000030                 : pin.obj (.text:PinTypeGPIO)
                  2000749e    00000002     --HOLE-- [fill = 0]
                  200074a0    00000030                 : uart.obj (.text:UARTDisable)
                  200074d0    00000030     rtsv7M4_T_le_v4SPD16_eabi.lib : vsnprintf.c.obj (.text:_outs)
                  20007500    0000002e                                   : i_tofd_t2.asm.obj (.text)
                  2000752e    00000002     --HOLE-- [fill = 0]
                  20007530    0000002c     driverlib.a : prcm.obj (.text:PRCMSysResetCauseGet)
                  2000755c    00000028                 : prcm.obj (.text:PRCMPeripheralClkDisable)
                  20007584    00000028     rtsv7M4_T_le_v4SPD16_eabi.lib : memory.c.obj (.text:mremove)
                  200075ac    00000024     driverlib.a : uart.obj (.text:UARTEnable)
                  200075d0    00000024     rtsv7M4_T_le_v4SPD16_eabi.lib : memmov.c.obj (.text:memmove)
                  200075f4    00000020     driverlib.a : gpio.obj (.text:GPIOPinWrite)
                  20007614    00000020                 : interrupt.obj (.text:IntRegister)
                  20007634    0000001e                 : gpio.obj (.text:GPIOIntRegister)
                  20007652    0000001e                 : uart.obj (.text:UARTCharPut)
                  20007670    0000001c                 : uart.obj (.text:UARTCharGetNonBlocking)
                  2000768c    0000001c     rtsv7M4_T_le_v4SPD16_eabi.lib : memccpy.c.obj (.text:memccpy)
                  200076a8    0000001a     driverlib.a : gpio.obj (.text:GPIOIntEnable)
                  200076c2    0000001a                 : pin.obj (.text:PinTypeUART)
                  200076dc    00000018                 : gpio.obj (.text:GPIOPinRead)
                  200076f4    00000018                 : uart.obj (.text:UARTCharsAvail)
                  2000770c    00000018     rtsv7M4_T_le_v4SPD16_eabi.lib : vsnprintf.c.obj (.text:_outc)
                  20007724    00000016     driverlib.a : prcm.obj (.text:PRCMHIBRegRead)
                  2000773a    00000016                 : prcm.obj (.text:PRCMHIBRegWrite)
                  20007750    00000016     rtsv7M4_T_le_v4SPD16_eabi.lib : strchr.c.obj (.text:strchr)
                  20007766    00000014     driverlib.a : cpu.obj (.text:CPUcpsie)
                  2000777a    00000014                 : gpio.obj (.text:GPIOIntClear)
                  2000778e    00000002     --HOLE-- [fill = 0]
                  20007790    00000014                 : interrupt.obj (.text:IntVTableBaseSet)
                  200077a4    00000014     rtsv7M4_T_le_v4SPD16_eabi.lib : s_copysign.c.obj (.text:copysign)
                  200077b8    00000014                                   : strlen.c.obj (.text:strlen)
                  200077cc    00000012                                   : copy_zero_init.c.obj (.text:decompress:ZI:__TI_zero_init_nomemset:__TI_zero_init_nomemset)
                  200077de    00000012                                   : wcslen.c.obj (.text:wcslen)
                  200077f0    0000000e                                   : copy_decompress_none.c.obj (.text:decompress:none:__TI_decompress_none)
                  200077fe    0000000e     startup_ccs.obj (.text)
                  2000780c    0000000a     driverlib.a : interrupt.obj (.text:IntMasterEnable)
                  20007816    00000002     --HOLE-- [fill = 0]
                  20007818    00000008     rtsv7M4_T_le_v4SPD16_eabi.lib : errno.c.obj (.text:__aeabi_errno_addr)
                  20007820    00000006     driverlib.a : utils.obj (.text:UtilsDelay)
                  20007826    00000004     rtsv7M4_T_le_v4SPD16_eabi.lib : pre_init.c.obj (.text:_system_pre_init)
                  2000782a    00000004                                   : exit.c.obj (.text:abort:abort)

.const     0    20007830    00000400     
                  20007830    00000101     rtsv7M4_T_le_v4SPD16_eabi.lib : ctype.c.obj (.const:.string:_ctypes_)
                  20007931    00000003     --HOLE-- [fill = 0]
                  20007934    00000100     driverlib.a : pin.obj (.const:g_ulPinToPadMap)
                  20007a34    000000d4                 : interrupt.obj (.const:g_pulRegs)
                  20007b08    000000a8                 : prcm.obj (.const:PRCM_PeriphRegsList)
                  20007bb0    00000080                 : interrupt.obj (.const)

.cinit     0    20007c30    00000048     
                  20007c30    0000001e     (.cinit..data.load) [load image, compression = lzss]
                  20007c4e    00000002     --HOLE-- [fill = 0]
                  20007c50    0000000c     (__TI_handler_table)
                  20007c5c    00000004     --HOLE-- [fill = 0]
                  20007c60    00000008     (.cinit..bss.load) [load image, compression = zero_init]
                  20007c68    00000010     (__TI_cinit_table)

.sysmem    0    2001d000    00000800     UNINITIALIZED
                  2001d000    00000008     rtsv7M4_T_le_v4SPD16_eabi.lib : memory.c.obj (.sysmem)
                  2001d008    000007f8     --HOLE--

.data      0    2001d800    00000038     UNINITIALIZED
                  2001d800    00000014     gpio_if.obj (.data:ulReg)
                  2001d814    0000000c     rtsv7M4_T_le_v4SPD16_eabi.lib : memory.c.obj (.data:$O1$$)
                  2001d820    0000000c     gpio_if.obj (.data)
                  2001d82c    00000008     rtsv7M4_T_le_v4SPD16_eabi.lib : _lock.c.obj (.data:$O1$$)
                  2001d834    00000004                                   : errno.c.obj (.data)

.bss       0    2001d838    00000007     UNINITIALIZED
                  2001d838    00000004     uart_if.obj (.bss)
                  2001d83c    00000001     (.common:g_ucLED1Pin)
                  2001d83d    00000001     (.common:g_ucLED2Pin)
                  2001d83e    00000001     (.common:g_ucLED3Pin)

.stack     0    2003f800    00000800     UNINITIALIZED
                  2003f800    00000004     rtsv7M4_T_le_v4SPD16_eabi.lib : boot_cortex_m.c.obj (.stack)
                  2003f804    000007fc     --HOLE--

MODULE SUMMARY

       Module                       code    ro data   rw data
       ------                       ----    -------   -------
    .\
       startup_ccs.obj              14      1024      0      
       gpio_if.obj                  920     0         35     
       main.obj                     824     0         0      
       uart_if.obj                  640     0         4      
    +--+----------------------------+-------+---------+---------+
       Total:                       2398    1024      39     
                                                             
    .\syscfg\
       pin_mux_config.obj           312     0         0      
    +--+----------------------------+-------+---------+---------+
       Total:                       312     0         0      
                                                             
    C:/ti/CC3200SDK_1.3.0/cc3200-sdk/driverlib/ccs/Release/driverlib.a
       prcm.obj                     800     168       0      
       interrupt.obj                314     340       0      
       pin.obj                      274     256       0      
       gpio.obj                     388     0         0      
       uart.obj                     284     0         0      
       cpu.obj                      20      0         0      
       utils.obj                    6       0         0      
    +--+----------------------------+-------+---------+---------+
       Total:                       2086    764       0      
                                                             
    C:\ti\ccsv8\tools\compiler\ti-cgt-arm_18.1.4.LTS\lib\rtsv7M4_T_le_v4SPD16_eabi.lib
       _printfi.c.obj               4867    0         0      
       memory.c.obj                 768     0         12     
       fd_add_t2.asm.obj            438     0         0      
       fd_div_t2.asm.obj            310     0         0      
       s_scalbn.c.obj               272     0         0      
       fd_cmp_t2.asm.obj            268     0         0      
       ctype.c.obj                  0       257       0      
       fd_mul_t2.asm.obj            252     0         0      
       memcpy_t2.asm.obj            156     0         0      
       ull_div_t2.asm.obj           150     0         0      
       vsnprintf.c.obj              136     0         0      
       memset_t2.asm.obj            122     0         0      
       copy_decompress_lzss.c.obj   104     0         0      
       s_frexp.c.obj                100     0         0      
       ltoa.c.obj                   84      0         0      
       atoi.c.obj                   76      0         0      
       fd_toi_t2.asm.obj            72      0         0      
       autoinit.c.obj               68      0         0      
       boot_cortex_m.c.obj          56      0         0      
       i_tofd_t2.asm.obj            46      0         0      
       memmov.c.obj                 36      0         0      
       memccpy.c.obj                28      0         0      
       strchr.c.obj                 22      0         0      
       s_copysign.c.obj             20      0         0      
       strlen.c.obj                 20      0         0      
       copy_zero_init.c.obj         18      0         0      
       wcslen.c.obj                 18      0         0      
       copy_decompress_none.c.obj   14      0         0      
       errno.c.obj                  8       0         4      
       _lock.c.obj                  2       0         8      
       exit.c.obj                   4       0         0      
       pre_init.c.obj               4       0         0      
       div0.asm.obj                 2       0         0      
    +--+----------------------------+-------+---------+---------+
       Total:                       8541    257       24     
                                                             
       Heap:                        0       0         2048   
       Stack:                       0       0         2048   
       Linker Generated:            0       66        0      
    +--+----------------------------+-------+---------+---------+
       Grand Total:                 13337   2111      4159   


LINKER GENERATED COPY TABLES

__TI_cinit_table @ 20007c68 records: 2, size/record: 8, table size: 16
	.data: load addr=20007c30, load size=0000001e bytes, run addr=2001d800, run size=00000038 bytes, compression=lzss
	.bss: load addr=20007c60, load size=00000008 bytes, run addr=2001d838, run size=00000007 bytes, compression=zero_init


LINKER GENERATED HANDLER TABLE

__TI_handler_table @ 20007c50 records: 3, size/record: 4, table size: 12
	index: 0, handler: __TI_decompress_lzss
	index: 1, handler: __TI_decompress_none
	index: 2, handler: __TI_zero_init


GLOBAL SYMBOLS: SORTED ALPHABETICALLY BY Name 

address   name                          
-------   ----                          
2000782b  C$$EXIT                       
20007767  CPUcpsie                      
20005571  ClearTerm                     
2000557b  Error                         
20007439  GPIODirModeSet                
2000777b  GPIOIntClear                  
200076a9  GPIOIntEnable                 
20007635  GPIOIntRegister               
20006ca1  GPIOIntTypeSet                
200076dd  GPIOPinRead                   
200075f5  GPIOPinWrite                  
20005121  GPIO_IF_ConfigureNIntEnable   
200051ad  GPIO_IF_Get                   
200050db  GPIO_IF_GetPortNPin           
20004e9d  GPIO_IF_LedConfigure          
20004f8f  GPIO_IF_LedOff                
20004edb  GPIO_IF_LedOn                 
20005043  GPIO_IF_LedStatus             
200050ad  GPIO_IF_LedToggle             
20005169  GPIO_IF_Set                   
200055b3  GetCmd                        
20005531  InitTerm                      
2000689d  IntEnable                     
2000780d  IntMasterEnable               
20007075  IntPrioritySet                
20007615  IntRegister                   
20007791  IntVTableBaseSet              
2000554f  Message                       
20005da9  PRCMCC3200MCUInit             
20007725  PRCMHIBRegRead                
2000773b  PRCMHIBRegWrite               
2000755d  PRCMPeripheralClkDisable      
20007351  PRCMPeripheralClkEnable       
20006a79  PRCMPeripheralClockGet        
20006fc5  PRCMPeripheralReset           
20007531  PRCMSysResetCauseGet          
20006b0d  PinConfigSet                  
20007291  PinModeSet                    
2000605d  PinMuxConfig                  
2000746f  PinTypeGPIO                   
200076c3  PinTypeUART                   
200056f1  Report                        
200077ff  ResetISR                      
20005659  TrimSpace                     
20007671  UARTCharGetNonBlocking        
20007653  UARTCharPut                   
200076f5  UARTCharsAvail                
20006e15  UARTConfigSetExpClk           
200074a1  UARTDisable                   
200075ad  UARTEnable                    
20007821  UtilsDelay                    
20040000  __STACK_END                   
00000800  __STACK_SIZE                  
00000800  __SYSMEM_SIZE                 
20007c68  __TI_CINIT_Base               
20007c78  __TI_CINIT_Limit              
20007c50  __TI_Handler_Table_Base       
20007c5c  __TI_Handler_Table_Limit      
2000724d  __TI_auto_init_nobinit_nopinit
20006ef9  __TI_decompress_lzss          
200077f1  __TI_decompress_none          
ffffffff  __TI_pprof_out_hndl           
20004401  __TI_printfi                  
ffffffff  __TI_prof_data_size           
ffffffff  __TI_prof_data_start          
20007c30  __TI_static_base__            
200077cd  __TI_zero_init_nomemset       
20006b95  __aeabi_cdcmpeq               
20006b95  __aeabi_cdcmple               
20006c1b  __aeabi_cdrcmple              
20007205  __aeabi_d2iz                  
20005bfb  __aeabi_dadd                  
20006195  __aeabi_ddiv                  
20006615  __aeabi_dmul                  
20005bf1  __aeabi_dsub                  
20007819  __aeabi_errno_addr            
20007501  __aeabi_i2d                   
20005da7  __aeabi_idiv0                 
20005da7  __aeabi_ldiv0                 
20006d23  __aeabi_memclr                
20006d23  __aeabi_memclr4               
20006d23  __aeabi_memclr8               
20006945  __aeabi_memcpy                
20006945  __aeabi_memcpy4               
20006945  __aeabi_memcpy8               
20006d25  __aeabi_memset                
20006d25  __aeabi_memset4               
20006d25  __aeabi_memset8               
200069e1  __aeabi_uldivmod              
ffffffff  __binit__                     
ffffffff  __c_args__                    
UNDEFED   __mpu_init                    
2003f800  __stack                       
200073c9  _c_int00_noargs               
20007830  _ctypes_                      
2001d82c  _lock                         
20004e5f  _nop                          
2001d000  _sys_memory                   
UNDEFED   _system_post_cinit            
20007827  _system_pre_init              
2001d830  _unlock                       
2000782b  abort                         
20007171  atoi                          
ffffffff  binit                         
200077a5  copysign                      
200077a5  copysignl                     
2001d834  errno                         
20006711  free                          
20006f61  frexp                         
20006f61  frexpl                        
20004000  g_pfnVectors                  
2001d83c  g_ucLED1Pin                   
2001d83d  g_ucLED2Pin                   
2001d83e  g_ucLED3Pin                   
2001d820  g_uiLED1Port                  
2001d824  g_uiLED2Port                  
2001d828  g_uiLED3Port                  
20006505  ldexp                         
20006505  ldexpl                        
200070c9  ltoa                          
20005363  main                          
20006d9d  malloc                        
2000768d  memccpy                       
20006945  memcpy                        
200075d1  memmove                       
20006d2b  memset                        
20007401  minit                         
200063f1  realloc                       
20006505  scalbn                        
20006505  scalbnl                       
2000532d  start                         
20007751  strchr                        
200077b9  strlen                        
200051f9  sw2pushed                     
2000524d  sw3pushed                     
200072d1  vsnprintf                     
200077df  wcslen                        


GLOBAL SYMBOLS: SORTED BY Symbol Address 

address   name                          
-------   ----                          
00000800  __STACK_SIZE                  
00000800  __SYSMEM_SIZE                 
20004000  g_pfnVectors                  
20004401  __TI_printfi                  
20004e5f  _nop                          
20004e9d  GPIO_IF_LedConfigure          
20004edb  GPIO_IF_LedOn                 
20004f8f  GPIO_IF_LedOff                
20005043  GPIO_IF_LedStatus             
200050ad  GPIO_IF_LedToggle             
200050db  GPIO_IF_GetPortNPin           
20005121  GPIO_IF_ConfigureNIntEnable   
20005169  GPIO_IF_Set                   
200051ad  GPIO_IF_Get                   
200051f9  sw2pushed                     
2000524d  sw3pushed                     
2000532d  start                         
20005363  main                          
20005531  InitTerm                      
2000554f  Message                       
20005571  ClearTerm                     
2000557b  Error                         
200055b3  GetCmd                        
20005659  TrimSpace                     
200056f1  Report                        
20005bf1  __aeabi_dsub                  
20005bfb  __aeabi_dadd                  
20005da7  __aeabi_idiv0                 
20005da7  __aeabi_ldiv0                 
20005da9  PRCMCC3200MCUInit             
2000605d  PinMuxConfig                  
20006195  __aeabi_ddiv                  
200063f1  realloc                       
20006505  ldexp                         
20006505  ldexpl                        
20006505  scalbn                        
20006505  scalbnl                       
20006615  __aeabi_dmul                  
20006711  free                          
2000689d  IntEnable                     
20006945  __aeabi_memcpy                
20006945  __aeabi_memcpy4               
20006945  __aeabi_memcpy8               
20006945  memcpy                        
200069e1  __aeabi_uldivmod              
20006a79  PRCMPeripheralClockGet        
20006b0d  PinConfigSet                  
20006b95  __aeabi_cdcmpeq               
20006b95  __aeabi_cdcmple               
20006c1b  __aeabi_cdrcmple              
20006ca1  GPIOIntTypeSet                
20006d23  __aeabi_memclr                
20006d23  __aeabi_memclr4               
20006d23  __aeabi_memclr8               
20006d25  __aeabi_memset                
20006d25  __aeabi_memset4               
20006d25  __aeabi_memset8               
20006d2b  memset                        
20006d9d  malloc                        
20006e15  UARTConfigSetExpClk           
20006ef9  __TI_decompress_lzss          
20006f61  frexp                         
20006f61  frexpl                        
20006fc5  PRCMPeripheralReset           
20007075  IntPrioritySet                
200070c9  ltoa                          
20007171  atoi                          
20007205  __aeabi_d2iz                  
2000724d  __TI_auto_init_nobinit_nopinit
20007291  PinModeSet                    
200072d1  vsnprintf                     
20007351  PRCMPeripheralClkEnable       
200073c9  _c_int00_noargs               
20007401  minit                         
20007439  GPIODirModeSet                
2000746f  PinTypeGPIO                   
200074a1  UARTDisable                   
20007501  __aeabi_i2d                   
20007531  PRCMSysResetCauseGet          
2000755d  PRCMPeripheralClkDisable      
200075ad  UARTEnable                    
200075d1  memmove                       
200075f5  GPIOPinWrite                  
20007615  IntRegister                   
20007635  GPIOIntRegister               
20007653  UARTCharPut                   
20007671  UARTCharGetNonBlocking        
2000768d  memccpy                       
200076a9  GPIOIntEnable                 
200076c3  PinTypeUART                   
200076dd  GPIOPinRead                   
200076f5  UARTCharsAvail                
20007725  PRCMHIBRegRead                
2000773b  PRCMHIBRegWrite               
20007751  strchr                        
20007767  CPUcpsie                      
2000777b  GPIOIntClear                  
20007791  IntVTableBaseSet              
200077a5  copysign                      
200077a5  copysignl                     
200077b9  strlen                        
200077cd  __TI_zero_init_nomemset       
200077df  wcslen                        
200077f1  __TI_decompress_none          
200077ff  ResetISR                      
2000780d  IntMasterEnable               
20007819  __aeabi_errno_addr            
20007821  UtilsDelay                    
20007827  _system_pre_init              
2000782b  C$$EXIT                       
2000782b  abort                         
20007830  _ctypes_                      
20007c30  __TI_static_base__            
20007c50  __TI_Handler_Table_Base       
20007c5c  __TI_Handler_Table_Limit      
20007c68  __TI_CINIT_Base               
20007c78  __TI_CINIT_Limit              
2001d000  _sys_memory                   
2001d820  g_uiLED1Port                  
2001d824  g_uiLED2Port                  
2001d828  g_uiLED3Port                  
2001d82c  _lock                         
2001d830  _unlock                       
2001d834  errno                         
2001d83c  g_ucLED1Pin                   
2001d83d  g_ucLED2Pin                   
2001d83e  g_ucLED3Pin                   
2003f800  __stack                       
20040000  __STACK_END                   
ffffffff  __TI_pprof_out_hndl           
ffffffff  __TI_prof_data_size           
ffffffff  __TI_prof_data_start          
ffffffff  __binit__                     
ffffffff  __c_args__                    
ffffffff  binit                         
UNDEFED   __mpu_init                    
UNDEFED   _system_post_cinit            

[137 symbols]
