******************************************************************************
                  TI ARM Linker PC v18.1.4                     
******************************************************************************
>> Linked Wed Jan  9 21:45:44 2019

OUTPUT FILE NAME:   <uart_demo.out>
ENTRY POINT SYMBOL: "_c_int00_noargs"  address: 20006dcd


MEMORY CONFIGURATION

         name            origin    length      used     unused   attr    fill
----------------------  --------  ---------  --------  --------  ----  --------
  SRAM_CODE             20004000   00013000  000034c2  0000fb3e  RW X
  SRAM_DATA             20017000   00019000  00000920  000186e0  RW X


SEGMENT ALLOCATION MAP

run origin  load origin   length   init length attrs members
----------  ----------- ---------- ----------- ----- -------
20004000    20004000    000034c8   000034c8    r-x
  20004000    20004000    00000400   00000400    r-- .intvecs
  20004400    20004400    00002d56   00002d56    r-x .text
  20007158    20007158    0000032c   0000032c    r-- .const
  20007488    20007488    00000040   00000040    r-- .cinit
20017000    20017000    00000820   00000000    rw-
  20017000    20017000    00000800   00000000    rw- .sysmem
  20017800    20017800    0000001c   00000000    rw- .data
  2001781c    2001781c    00000004   00000000    rw- .bss
2002ff00    2002ff00    00000100   00000000    rw-
  2002ff00    2002ff00    00000100   00000000    rw- .stack


SECTION ALLOCATION MAP

 output                                  attributes/
section   page    origin      length       input sections
--------  ----  ----------  ----------   ----------------
.intvecs   0    20004000    00000400     
                  20004000    00000400     startup_ccs.obj (.intvecs)

.init_array 
*          0    20004000    00000000     UNINITIALIZED

.text      0    20004400    00002d56     
                  20004400    00000a5e     rtsv7M4_T_le_v4SPD16_eabi.lib : _printfi.c.obj (.text:__TI_printfi)
                  20004e5e    00000002                                   : _lock.c.obj (.text:_nop)
                  20004e60    0000032c     main.obj (.text)
                  2000518c    00000280     uart_if.obj (.text)
                  2000540c    00000270     rtsv7M4_T_le_v4SPD16_eabi.lib : _printfi.c.obj (.text:_pconv_a)
                  2000567c    000001d0                                   : _printfi.c.obj (.text:_pconv_g)
                  2000584c    000001b6                                   : fd_add_t2.asm.obj (.text)
                  20005a02    00000002                                   : div0.asm.obj (.text)
                  20005a04    00000178     driverlib.a : prcm.obj (.text:PRCMCC3200MCUInit)
                  20005b7c    0000013c     rtsv7M4_T_le_v4SPD16_eabi.lib : _printfi.c.obj (.text:_pconv_e)
                  20005cb8    00000136                                   : fd_div_t2.asm.obj (.text)
                  20005dee    00000002     --HOLE-- [fill = 0]
                  20005df0    00000124                                   : _printfi.c.obj (.text:fcvt)
                  20005f14    00000114                                   : memory.c.obj (.text:realloc)
                  20006028    00000110                                   : s_scalbn.c.obj (.text:scalbn)
                  20006138    000000fc                                   : fd_mul_t2.asm.obj (.text)
                  20006234    000000d8                                   : memory.c.obj (.text:free)
                  2000630c    000000b1                                   : _printfi.c.obj (.text:_ltostr)
                  200063bd    00000003     --HOLE-- [fill = 0]
                  200063c0    000000a8     driverlib.a : interrupt.obj (.text:IntEnable)
                  20006468    0000009c     rtsv7M4_T_le_v4SPD16_eabi.lib : memcpy_t2.asm.obj (.text)
                  20006504    00000096                                   : ull_div_t2.asm.obj (.text)
                  2000659a    00000002     --HOLE-- [fill = 0]
                  2000659c    00000094     driverlib.a : prcm.obj (.text:PRCMPeripheralClockGet)
                  20006630    00000088                 : pin.obj (.text:PinConfigSet)
                  200066b8    00000086     rtsv7M4_T_le_v4SPD16_eabi.lib : fd_cmp_t2.asm.obj (.text:__aeabi_cdcmple)
                  2000673e    00000086                                   : fd_cmp_t2.asm.obj (.text:__aeabi_cdrcmple)
                  200067c4    0000007a                                   : memset_t2.asm.obj (.text)
                  2000683e    00000002     --HOLE-- [fill = 0]
                  20006840    00000078                                   : memory.c.obj (.text:malloc)
                  200068b8    00000076     driverlib.a : uart.obj (.text:UARTConfigSetExpClk)
                  2000692e    0000006e     rtsv7M4_T_le_v4SPD16_eabi.lib : _printfi.c.obj (.text:_mcpy)
                  2000699c    00000068                                   : copy_decompress_lzss.c.obj (.text:decompress:lzss:__TI_decompress_lzss)
                  20006a04    00000064                                   : s_frexp.c.obj (.text:frexp)
                  20006a68    00000058     driverlib.a : prcm.obj (.text:PRCMPeripheralReset)
                  20006ac0    00000056     rtsv7M4_T_le_v4SPD16_eabi.lib : _printfi.c.obj (.text:_pconv_f)
                  20006b16    00000054                                   : ltoa.c.obj (.text:ltoa)
                  20006b6a    00000052                                   : _printfi.c.obj (.text:_ecpy)
                  20006bbc    0000004c                                   : atoi.c.obj (.text:atoi)
                  20006c08    00000048                                   : fd_toi_t2.asm.obj (.text)
                  20006c50    00000044                                   : autoinit.c.obj (.text:__TI_auto_init_nobinit_nopinit:__TI_auto_init_nobinit_nopinit)
                  20006c94    00000040     driverlib.a : pin.obj (.text:PinModeSet)
                  20006cd4    00000040     rtsv7M4_T_le_v4SPD16_eabi.lib : vsnprintf.c.obj (.text:vsnprintf)
                  20006d14    0000003e                                   : _printfi.c.obj (.text:_fcpy)
                  20006d52    00000002     --HOLE-- [fill = 0]
                  20006d54    0000003c     driverlib.a : prcm.obj (.text:PRCMPeripheralClkEnable)
                  20006d90    0000003c     rtsv7M4_T_le_v4SPD16_eabi.lib : memory.c.obj (.text:minsert)
                  20006dcc    00000038                                   : boot_cortex_m.c.obj (.text:_c_int00_noargs:_c_int00_noargs)
                  20006e04    00000038                                   : memory.c.obj (.text:minit)
                  20006e3c    00000030     driverlib.a : uart.obj (.text:UARTDisable)
                  20006e6c    00000030     rtsv7M4_T_le_v4SPD16_eabi.lib : vsnprintf.c.obj (.text:_outs)
                  20006e9c    0000002e                                   : i_tofd_t2.asm.obj (.text)
                  20006eca    00000002     --HOLE-- [fill = 0]
                  20006ecc    0000002c     driverlib.a : prcm.obj (.text:PRCMSysResetCauseGet)
                  20006ef8    00000028                 : prcm.obj (.text:PRCMPeripheralClkDisable)
                  20006f20    00000028     rtsv7M4_T_le_v4SPD16_eabi.lib : memory.c.obj (.text:mremove)
                  20006f48    00000024     driverlib.a : uart.obj (.text:UARTEnable)
                  20006f6c    00000024     rtsv7M4_T_le_v4SPD16_eabi.lib : memmov.c.obj (.text:memmove)
                  20006f90    0000001e     driverlib.a : uart.obj (.text:UARTCharPut)
                  20006fae    0000001c                 : uart.obj (.text:UARTCharGetNonBlocking)
                  20006fca    0000001c     rtsv7M4_T_le_v4SPD16_eabi.lib : memccpy.c.obj (.text:memccpy)
                  20006fe6    0000001c     pinmux.obj (.text)
                  20007002    0000001a     driverlib.a : pin.obj (.text:PinTypeUART)
                  2000701c    00000018                 : uart.obj (.text:UARTCharsAvail)
                  20007034    00000018     rtsv7M4_T_le_v4SPD16_eabi.lib : vsnprintf.c.obj (.text:_outc)
                  2000704c    00000016     driverlib.a : prcm.obj (.text:PRCMHIBRegRead)
                  20007062    00000016                 : prcm.obj (.text:PRCMHIBRegWrite)
                  20007078    00000016                 : uart.obj (.text:UARTCharGet)
                  2000708e    00000016     rtsv7M4_T_le_v4SPD16_eabi.lib : strchr.c.obj (.text:strchr)
                  200070a4    00000014     driverlib.a : cpu.obj (.text:CPUcpsie)
                  200070b8    00000014                 : interrupt.obj (.text:IntVTableBaseSet)
                  200070cc    00000014     rtsv7M4_T_le_v4SPD16_eabi.lib : s_copysign.c.obj (.text:copysign)
                  200070e0    00000014                                   : strlen.c.obj (.text:strlen)
                  200070f4    00000012                                   : copy_zero_init.c.obj (.text:decompress:ZI:__TI_zero_init_nomemset:__TI_zero_init_nomemset)
                  20007106    00000012                                   : wcslen.c.obj (.text:wcslen)
                  20007118    0000000e                                   : copy_decompress_none.c.obj (.text:decompress:none:__TI_decompress_none)
                  20007126    0000000e     startup_ccs.obj (.text)
                  20007134    0000000a     driverlib.a : interrupt.obj (.text:IntMasterEnable)
                  2000713e    00000002     --HOLE-- [fill = 0]
                  20007140    00000008     rtsv7M4_T_le_v4SPD16_eabi.lib : errno.c.obj (.text:__aeabi_errno_addr)
                  20007148    00000006     driverlib.a : utils.obj (.text:UtilsDelay)
                  2000714e    00000004     rtsv7M4_T_le_v4SPD16_eabi.lib : pre_init.c.obj (.text:_system_pre_init)
                  20007152    00000004                                   : exit.c.obj (.text:abort:abort)

.const     0    20007158    0000032c     
                  20007158    00000101     rtsv7M4_T_le_v4SPD16_eabi.lib : ctype.c.obj (.const:.string:_ctypes_)
                  20007259    00000003     --HOLE-- [fill = 0]
                  2000725c    00000100     driverlib.a : pin.obj (.const:g_ulPinToPadMap)
                  2000735c    000000a8                 : prcm.obj (.const:PRCM_PeriphRegsList)
                  20007404    00000080                 : interrupt.obj (.const)

.cinit     0    20007488    00000040     
                  20007488    0000001b     (.cinit..data.load) [load image, compression = lzss]
                  200074a3    00000001     --HOLE-- [fill = 0]
                  200074a4    0000000c     (__TI_handler_table)
                  200074b0    00000008     (.cinit..bss.load) [load image, compression = zero_init]
                  200074b8    00000010     (__TI_cinit_table)

.sysmem    0    20017000    00000800     UNINITIALIZED
                  20017000    00000008     rtsv7M4_T_le_v4SPD16_eabi.lib : memory.c.obj (.sysmem)
                  20017008    000007f8     --HOLE--

.data      0    20017800    0000001c     UNINITIALIZED
                  20017800    0000000c     rtsv7M4_T_le_v4SPD16_eabi.lib : memory.c.obj (.data:$O1$$)
                  2001780c    00000008                                   : _lock.c.obj (.data:$O1$$)
                  20017814    00000004     main.obj (.data)
                  20017818    00000004     rtsv7M4_T_le_v4SPD16_eabi.lib : errno.c.obj (.data)

.bss       0    2001781c    00000004     UNINITIALIZED
                  2001781c    00000004     uart_if.obj (.bss)

.stack     0    2002ff00    00000100     UNINITIALIZED
                  2002ff00    00000004     rtsv7M4_T_le_v4SPD16_eabi.lib : boot_cortex_m.c.obj (.stack)
                  2002ff04    000000fc     --HOLE--

MODULE SUMMARY

       Module                       code    ro data   rw data
       ------                       ----    -------   -------
    .\
       startup_ccs.obj              14      1024      0      
       main.obj                     812     0         4      
       uart_if.obj                  640     0         4      
       pinmux.obj                   28      0         0      
    +--+----------------------------+-------+---------+---------+
       Total:                       1494    1024      8      
                                                             
    C:/ti/CC3200SDK_1.3.0/cc3200-sdk/driverlib/ccs/Release/driverlib.a
       prcm.obj                     800     168       0      
       pin.obj                      226     256       0      
       interrupt.obj                198     128       0      
       uart.obj                     306     0         0      
       cpu.obj                      20      0         0      
       utils.obj                    6       0         0      
    +--+----------------------------+-------+---------+---------+
       Total:                       1556    552       0      
                                                             
    C:\ti\ccsv8\tools\compiler\ti-cgt-arm_18.1.4.LTS\lib\rtsv7M4_T_le_v4SPD16_eabi.lib
       _printfi.c.obj               4867    0         0      
       memory.c.obj                 768     0         12     
       fd_add_t2.asm.obj            438     0         0      
       fd_div_t2.asm.obj            310     0         0      
       s_scalbn.c.obj               272     0         0      
       fd_cmp_t2.asm.obj            268     0         0      
       ctype.c.obj                  0       257       0      
       fd_mul_t2.asm.obj            252     0         0      
       memcpy_t2.asm.obj            156     0         0      
       ull_div_t2.asm.obj           150     0         0      
       vsnprintf.c.obj              136     0         0      
       memset_t2.asm.obj            122     0         0      
       copy_decompress_lzss.c.obj   104     0         0      
       s_frexp.c.obj                100     0         0      
       ltoa.c.obj                   84      0         0      
       atoi.c.obj                   76      0         0      
       fd_toi_t2.asm.obj            72      0         0      
       autoinit.c.obj               68      0         0      
       boot_cortex_m.c.obj          56      0         0      
       i_tofd_t2.asm.obj            46      0         0      
       memmov.c.obj                 36      0         0      
       memccpy.c.obj                28      0         0      
       strchr.c.obj                 22      0         0      
       s_copysign.c.obj             20      0         0      
       strlen.c.obj                 20      0         0      
       copy_zero_init.c.obj         18      0         0      
       wcslen.c.obj                 18      0         0      
       copy_decompress_none.c.obj   14      0         0      
       errno.c.obj                  8       0         4      
       _lock.c.obj                  2       0         8      
       exit.c.obj                   4       0         0      
       pre_init.c.obj               4       0         0      
       div0.asm.obj                 2       0         0      
    +--+----------------------------+-------+---------+---------+
       Total:                       8541    257       24     
                                                             
       Heap:                        0       0         2048   
       Stack:                       0       0         256    
       Linker Generated:            0       63        0      
    +--+----------------------------+-------+---------+---------+
       Grand Total:                 11591   1896      2336   


LINKER GENERATED COPY TABLES

__TI_cinit_table @ 200074b8 records: 2, size/record: 8, table size: 16
	.data: load addr=20007488, load size=0000001b bytes, run addr=20017800, run size=0000001c bytes, compression=lzss
	.bss: load addr=200074b0, load size=00000008 bytes, run addr=2001781c, run size=00000004 bytes, compression=zero_init


LINKER GENERATED HANDLER TABLE

__TI_handler_table @ 200074a4 records: 3, size/record: 4, table size: 12
	index: 0, handler: __TI_decompress_lzss
	index: 1, handler: __TI_decompress_none
	index: 2, handler: __TI_zero_init


GLOBAL SYMBOLS: SORTED ALPHABETICALLY BY Name 

address   name                          
-------   ----                          
20007153  C$$EXIT                       
200070a5  CPUcpsie                      
200051cd  ClearTerm                     
200051d7  Error                         
2000520f  GetCmd                        
2000518d  InitTerm                      
200063c1  IntEnable                     
20007135  IntMasterEnable               
200070b9  IntVTableBaseSet              
200051ab  Message                       
20005a05  PRCMCC3200MCUInit             
2000704d  PRCMHIBRegRead                
20007063  PRCMHIBRegWrite               
20006ef9  PRCMPeripheralClkDisable      
20006d55  PRCMPeripheralClkEnable       
2000659d  PRCMPeripheralClockGet        
20006a69  PRCMPeripheralReset           
20006ecd  PRCMSysResetCauseGet          
20006631  PinConfigSet                  
20006c95  PinModeSet                    
20006fe7  PinMuxConfig                  
20007003  PinTypeUART                   
2000534d  Report                        
20007127  ResetISR                      
200052b5  TrimSpace                     
20007079  UARTCharGet                   
20006faf  UARTCharGetNonBlocking        
20006f91  UARTCharPut                   
2000701d  UARTCharsAvail                
200068b9  UARTConfigSetExpClk           
20006e3d  UARTDisable                   
20006f49  UARTEnable                    
20007149  UtilsDelay                    
20030000  __STACK_END                   
00000100  __STACK_SIZE                  
00000800  __SYSMEM_SIZE                 
200074b8  __TI_CINIT_Base               
200074c8  __TI_CINIT_Limit              
200074a4  __TI_Handler_Table_Base       
200074b0  __TI_Handler_Table_Limit      
20006c51  __TI_auto_init_nobinit_nopinit
2000699d  __TI_decompress_lzss          
20007119  __TI_decompress_none          
ffffffff  __TI_pprof_out_hndl           
20004401  __TI_printfi                  
ffffffff  __TI_prof_data_size           
ffffffff  __TI_prof_data_start          
20007488  __TI_static_base__            
200070f5  __TI_zero_init_nomemset       
200066b9  __aeabi_cdcmpeq               
200066b9  __aeabi_cdcmple               
2000673f  __aeabi_cdrcmple              
20006c09  __aeabi_d2iz                  
20005857  __aeabi_dadd                  
20005cb9  __aeabi_ddiv                  
20006139  __aeabi_dmul                  
2000584d  __aeabi_dsub                  
20007141  __aeabi_errno_addr            
20006e9d  __aeabi_i2d                   
20005a03  __aeabi_idiv0                 
20005a03  __aeabi_ldiv0                 
200067c5  __aeabi_memclr                
200067c5  __aeabi_memclr4               
200067c5  __aeabi_memclr8               
20006469  __aeabi_memcpy                
20006469  __aeabi_memcpy4               
20006469  __aeabi_memcpy8               
200067c7  __aeabi_memset                
200067c7  __aeabi_memset4               
200067c7  __aeabi_memset8               
20006505  __aeabi_uldivmod              
ffffffff  __binit__                     
ffffffff  __c_args__                    
UNDEFED   __mpu_init                    
2002ff00  __stack                       
20006dcd  _c_int00_noargs               
20007158  _ctypes_                      
2001780c  _lock                         
20004e5f  _nop                          
20017000  _sys_memory                   
UNDEFED   _system_post_cinit            
2000714f  _system_pre_init              
20017810  _unlock                       
20007153  abort                         
20006bbd  atoi                          
ffffffff  binit                         
200070cd  copysign                      
200070cd  copysignl                     
20017818  errno                         
20006235  free                          
20006a05  frexp                         
20006a05  frexpl                        
20017814  g_iCounter                    
20004000  g_pfnVectors                  
20006029  ldexp                         
20006029  ldexpl                        
20006b17  ltoa                          
20004e9f  main                          
20006841  malloc                        
20006fcb  memccpy                       
20006469  memcpy                        
20006f6d  memmove                       
200067cd  memset                        
20006e05  minit                         
20005f15  realloc                       
20006029  scalbn                        
20006029  scalbnl                       
2000708f  strchr                        
200070e1  strlen                        
20006cd5  vsnprintf                     
20007107  wcslen                        


GLOBAL SYMBOLS: SORTED BY Symbol Address 

address   name                          
-------   ----                          
00000100  __STACK_SIZE                  
00000800  __SYSMEM_SIZE                 
20004000  g_pfnVectors                  
20004401  __TI_printfi                  
20004e5f  _nop                          
20004e9f  main                          
2000518d  InitTerm                      
200051ab  Message                       
200051cd  ClearTerm                     
200051d7  Error                         
2000520f  GetCmd                        
200052b5  TrimSpace                     
2000534d  Report                        
2000584d  __aeabi_dsub                  
20005857  __aeabi_dadd                  
20005a03  __aeabi_idiv0                 
20005a03  __aeabi_ldiv0                 
20005a05  PRCMCC3200MCUInit             
20005cb9  __aeabi_ddiv                  
20005f15  realloc                       
20006029  ldexp                         
20006029  ldexpl                        
20006029  scalbn                        
20006029  scalbnl                       
20006139  __aeabi_dmul                  
20006235  free                          
200063c1  IntEnable                     
20006469  __aeabi_memcpy                
20006469  __aeabi_memcpy4               
20006469  __aeabi_memcpy8               
20006469  memcpy                        
20006505  __aeabi_uldivmod              
2000659d  PRCMPeripheralClockGet        
20006631  PinConfigSet                  
200066b9  __aeabi_cdcmpeq               
200066b9  __aeabi_cdcmple               
2000673f  __aeabi_cdrcmple              
200067c5  __aeabi_memclr                
200067c5  __aeabi_memclr4               
200067c5  __aeabi_memclr8               
200067c7  __aeabi_memset                
200067c7  __aeabi_memset4               
200067c7  __aeabi_memset8               
200067cd  memset                        
20006841  malloc                        
200068b9  UARTConfigSetExpClk           
2000699d  __TI_decompress_lzss          
20006a05  frexp                         
20006a05  frexpl                        
20006a69  PRCMPeripheralReset           
20006b17  ltoa                          
20006bbd  atoi                          
20006c09  __aeabi_d2iz                  
20006c51  __TI_auto_init_nobinit_nopinit
20006c95  PinModeSet                    
20006cd5  vsnprintf                     
20006d55  PRCMPeripheralClkEnable       
20006dcd  _c_int00_noargs               
20006e05  minit                         
20006e3d  UARTDisable                   
20006e9d  __aeabi_i2d                   
20006ecd  PRCMSysResetCauseGet          
20006ef9  PRCMPeripheralClkDisable      
20006f49  UARTEnable                    
20006f6d  memmove                       
20006f91  UARTCharPut                   
20006faf  UARTCharGetNonBlocking        
20006fcb  memccpy                       
20006fe7  PinMuxConfig                  
20007003  PinTypeUART                   
2000701d  UARTCharsAvail                
2000704d  PRCMHIBRegRead                
20007063  PRCMHIBRegWrite               
20007079  UARTCharGet                   
2000708f  strchr                        
200070a5  CPUcpsie                      
200070b9  IntVTableBaseSet              
200070cd  copysign                      
200070cd  copysignl                     
200070e1  strlen                        
200070f5  __TI_zero_init_nomemset       
20007107  wcslen                        
20007119  __TI_decompress_none          
20007127  ResetISR                      
20007135  IntMasterEnable               
20007141  __aeabi_errno_addr            
20007149  UtilsDelay                    
2000714f  _system_pre_init              
20007153  C$$EXIT                       
20007153  abort                         
20007158  _ctypes_                      
20007488  __TI_static_base__            
200074a4  __TI_Handler_Table_Base       
200074b0  __TI_Handler_Table_Limit      
200074b8  __TI_CINIT_Base               
200074c8  __TI_CINIT_Limit              
20017000  _sys_memory                   
2001780c  _lock                         
20017810  _unlock                       
20017814  g_iCounter                    
20017818  errno                         
2002ff00  __stack                       
20030000  __STACK_END                   
ffffffff  __TI_pprof_out_hndl           
ffffffff  __TI_prof_data_size           
ffffffff  __TI_prof_data_start          
ffffffff  __binit__                     
ffffffff  __c_args__                    
ffffffff  binit                         
UNDEFED   __mpu_init                    
UNDEFED   _system_post_cinit            

[111 symbols]
